2026-05-16 16:01:40 +0000  App Store Connect request for store configuration for credential <DVTFoundation.DVTServicesSessionProviderCredential: 0x9053c1460>; configuration: <DVTITunesConnectConfigurationResponse: 0x904867d40; isSuccessful='1', configuration='{
    94765P9PT9 =     {
        "com.apple.platform.appletvos" =         {
            architectures =             {
                defaultArch =                 {
                    defaultProductType =                     {
                        format =                         {
                            bitCode =                             {
                                supportLevel = unsupported;
                            };
                            compiledCode =                             {
                                supportLevel = required;
                            };
                        };
                    };
                };
            };
            iconSource =             {
                largeAppIcon = carInBinary;
                primaryIcons = carInBinary;
            };
            onDemandResources =             {
                sizeLimits =                 {
                    assetPack = 512000000;
                    prioritizedTotal = 2000000000;
                    total = 20000000000;
                };
                supportLevel = supported;
            };
        };
        "com.apple.platform.iphoneos" =         {
            architectures =             {
                defaultArch =                 {
                    defaultProductType =                     {
                        format =                         {
                            bitCode =                             {
                                supportLevel = unsupported;
                            };
                            compiledCode =                             {
                                supportLevel = required;
                            };
                        };
                    };
                };
            };
            iconSource =             {
                largeAppIcon = unsupported;
                primaryIcons = pngInBinary;
            };
            onDemandResources =             {
                sizeLimits =                 {
                    assetPack = 512000000;
                    total = 20000000000;
                };
                supportLevel = supported;
            };
        };
        "com.apple.platform.macosx" =         {
            architectures =             {
                defaultArch =                 {
                    defaultProductType =                     {
                        format =                         {
                            bitCode =                             {
                                supportLevel = unsupported;
                            };
                            compiledCode =                             {
                                supportLevel = required;
                            };
                        };
                    };
                };
            };
            iconSource =             {
                largeAppIcon = pngInBinary;
                primaryIcons = pngInBinary;
            };
            onDemandResources =             {
                supportLevel = unsupported;
            };
        };
        "com.apple.platform.watchos" =         {
            architectures =             {
                defaultArch =                 {
                    defaultProductType =                     {
                        format =                         {
                            bitCode =                             {
                                supportLevel = unsupported;
                            };
                            compiledCode =                             {
                                supportLevel = required;
                            };
                        };
                    };
                };
            };
            iconSource =             {
                largeAppIcon = unsupported;
                primaryIcons = pngInBinary;
            };
            onDemandResources =             {
                supportLevel = unsupported;
            };
        };
        "com.apple.platform.xros" =         {
            architectures =             {
                defaultArch =                 {
                    defaultProductType =                     {
                        format =                         {
                            bitCode =                             {
                                supportLevel = unsupported;
                            };
                            compiledCode =                             {
                                supportLevel = required;
                            };
                        };
                    };
                };
            };
            iconSource =             {
                largeAppIcon = carInBinary;
                primaryIcons = carInBinary;
            };
            onDemandResources =             {
                supportLevel = unsupported;
            };
        };
        configModelVersion = "1.1";
    };
    preflight =     (
        94765P9PT9
    );
}', alertMessage='(null)', errors='(null)', warnings='(null)', infoMessages='(null)'>; error (null)
