2026-05-16 16:01:40 +0000  AppsService: will send request: Apps.apps_getCollection: GET /provider/5dfc4097-96ad-4669-94d5-d896c91d0538/v1/apps?fields[iosAppToMacAppStoreOptInSetting]=isOptedInToDistributeIosAppOnMacAppStore&fields[apps]=name,bundleId,appStoreVersions,iosAppToMacAppStoreOptInSetting,removed&limit[appStoreVersions]=10&limit=100&filter[bundleId]=com.zicabella.ios&include=appStoreVersions,iosAppToMacAppStoreOptInSetting&fields[appStoreVersions]=platform,storeIcon,versionString&sort=name
2026-05-16 16:01:41 +0000  APIClient (name: ) got status code 200 to a GET request to URL: https://appstoreconnect.apple.com/iris/provider/5dfc4097-96ad-4669-94d5-d896c91d0538/v1/apps?fields%5BappStoreVersions%5D=platform,storeIcon,versionString&fields%5Bapps%5D=name,bundleId,appStoreVersions,iosAppToMacAppStoreOptInSetting,removed&fields%5BiosAppToMacAppStoreOptInSetting%5D=isOptedInToDistributeIosAppOnMacAppStore&filter%5BbundleId%5D=com.zicabella.ios&include=appStoreVersions,iosAppToMacAppStoreOptInSetting&limit=100&limit%5BappStoreVersions%5D=10&sort=name
2026-05-16 16:01:41 +0000  AppsService: received response: 200 success
---
Headers:
'x-content-security-policy': 'script-src 'self' *.apple.com'
'apple-originating-system': 'UnknownOriginatingSystem'
'Server': 'daiquiri/5'
'Date': 'Sat, 16 May 2026 16:01:41 GMT'
'Set-Cookie': 'dqsid=eyJ0eXAiOiJKV1QiLCJhbGciOiJIUzI1NiJ9.eyJpYXQiOjE3Nzg5NDczMDAsImp0aSI6Im92SU1IWnBQWGNHbDkydHhBcVJLTGcifQ.v-c5USFRKb3JAIJiHIbmJ_QjCE9MHl3VTHpSGOil1Q4; Max-Age=1800; Expires=Sat, 16 May 2026 16:31:40 GMT; Path=/; Secure; HTTPOnly'
'x-xss-protection': '1; mode=block'
'b3': '974b4822f31ecf2b1421cecd3bab017a-a5054ee19147a112'
'x-apple-jingle-correlation-key': 'S5FUQIXTD3HSWFBBZ3GTXKYBPI'
'x-daiquiri-debug-worker-pid': '43960, 43959, 5923'
'Content-Type': 'application/json'
'Content-Length': '2846'
'apple-seq': '0.0'
'x-apple-request-uuid': '974b4822-f31e-cf2b-1421-cecd3bab017a'
'x-responding-instance': 'ac-gateway-api:ac-gateway-api-main-b8879569f-8zttl:ac-gateway-api-main-b8879569f-8zttl:-1::::'
'x-daiquiri-instance': 'daiquiri:15751002:mr36p00it-hyhk09154801:7987:26RELEASE90:daiquiri-amp-dsce-asc-int-002-mr, daiquiri:15751002:mr36p00it-hyhk09154801:7987:26RELEASE90:daiquiri-amp-dsce-asc-int-002-mr, daiquiri:18493001:mr85p00it-hyhk03154801:7987:26RELEASE90:daiquiri-amp-all-shared-ext-001-mr'
'x-content-type-options': 'nosniff'
'x-daiquiri-rate-limit-timing-user': '0'
'x-b3-spanid': 'a5054ee19147a112'
'Strict-Transport-Security': 'max-age=31536000; includeSubDomains; preload'
'apple-timing-app': '104 ms'
'apple-tk': 'false'
'x-daiquiri-rate-limit-user': 'user-hour-lim:10000;user-hour-rem:9999;'
'x-b3-traceid': 'bd65596f979ab910'
'x-unicorn-originated': 'true'
'x-b3-parentspanid': 'c6082902f4876b33'
'x-frame-options': 'SAMEORIGIN'
---
Data:
AppStoreConnectAppsResponse(data: [XCServices.AppStoreConnectApp(id: "6769545889", type: XCServices.AppStoreConnectApp.AppStoreConnectType.apps, attributes: Optional(XCServices.AppStoreConnectApp.Attributes(bundleId: Optional("com.zicabella.ios"), bundleIdReferenceName: nil, contentRightsDeclaration: nil, gracRatingClassificationNumber: nil, isArcade: nil, isOrEverWasMadeForKids: nil, marketplace: nil, name: Optional("Zica Bella"), primaryLocale: nil, removed: Optional(false), removedDate: nil, sku: nil, storeUrl: nil, subscriptionStatusUrl: nil, subscriptionStatusUrlForSandbox: nil, subscriptionStatusUrlVersion: nil, subscriptionStatusUrlVersionForSandbox: nil)), links: Optional(XCServices.AppStoreConnectResourceLinks(_self: Optional("https://appstoreconnect.apple.com/iris/provider/5dfc4097-96ad-4669-94d5-d896c91d0538/v1/apps/6769545889"))), relationships: Optional(XCServices.AppStoreConnectApp.Relationships(appAvailability: nil, appInfos: nil, appSharedSecrets: nil, appStoreIcon: nil, appStoreVersions: Optional(XCServices.AppStoreConnectApp.Relationships.AppStoreVersions(data: Optional([XCServices.AppStoreConnectApp.Relationships.AppStoreVersions.DataType(id: "2089191e-f828-44b6-b9bd-d903dbd928ac", type: XCServices.AppStoreConnectApp.Relationships.AppStoreVersions.DataType.AppStoreConnectType.appStoreVersions)]), links: Optional(XCServices.AppStoreConnectRelationshipLinks(related: Optional("https://appstoreconnect.apple.com/iris/provider/5dfc4097-96ad-4669-94d5-d896c91d0538/v1/apps/6769545889/appStoreVersions"), _self: Optional("https://appstoreconnect.apple.com/iris/provider/5dfc4097-96ad-4669-94d5-d896c91d0538/v1/apps/6769545889/relationships/appStoreVersions"))), meta: Optional(XCServices.AppStoreConnectPagingInformation(paging: XCServices.AppStoreConnectPagingInformation.Paging(limit: 10, nextCursor: nil, total: Optional(1)))))), betaFeedbackCrashSubmissions: nil, betaFeedbackScreenshotSubmissions: nil, betaTesters: nil, builds: nil, displayableVersions: nil, gameCenterDetail: nil, inAppPurchasesV2: nil, iosAppToMacAppStoreOptInSetting: Optional(XCServices.AppStoreConnectApp.Relationships.IosAppToMacAppStoreOptInSetting(data: Optional(XCServices.AppStoreConnectApp.Relationships.IosAppToMacAppStoreOptInSetting.DataType(id: "6769545889", type: XCServices.AppStoreConnectApp.Relationships.IosAppToMacAppStoreOptInSetting.DataType.AppStoreConnectType.iosAppToMacAppStoreOptInSetting)), links: Optional(XCServices.AppStoreConnectRelationshipLinks(related: Optional("https://appstoreconnect.apple.com/iris/provider/5dfc4097-96ad-4669-94d5-d896c91d0538/v1/apps/6769545889/iosAppToMacAppStoreOptInSetting"), _self: Optional("https://appstoreconnect.apple.com/iris/provider/5dfc4097-96ad-4669-94d5-d896c91d0538/v1/apps/6769545889/relationships/iosAppToMacAppStoreOptInSetting"))))), preReleaseVersions: nil, promotedPurchases: nil, pushNotificationPreferences: nil, subscriptionGroups: nil)))], links: XCServices.AppStoreConnectPagedDocumentLinks(_self: "https://appstoreconnect.apple.com/iris/provider/5dfc4097-96ad-4669-94d5-d896c91d0538/v1/apps?fields%5BiosAppToMacAppStoreOptInSetting%5D=isOptedInToDistributeIosAppOnMacAppStore&fields%5BappStoreVersions%5D=versionString%2Cplatform%2CstoreIcon&fields%5Bapps%5D=iosAppToMacAppStoreOptInSetting%2Cremoved%2CappStoreVersions%2Cname%2CbundleId&filter%5BbundleId%5D=com.zicabella.ios&include=iosAppToMacAppStoreOptInSetting%2CappStoreVersions&limit%5BappStoreVersions%5D=10&sort=name&limit=100", first: nil, next: nil), included: Optional([XCServices.AppStoreConnectAppsResponse.Included.appStoreVersion(XCServices.AppStoreConnectAppStoreVersion(id: "2089191e-f828-44b6-b9bd-d903dbd928ac", type: XCServices.AppStoreConnectAppStoreVersion.AppStoreConnectType.appStoreVersions, attributes: Optional(XCServices.AppStoreConnectAppStoreVersion.Attributes(appStoreState: nil, appVersionState: nil, copyright: nil, createdDate: nil, downloadable: nil, earliestReleaseDate: nil, isWatchOnly: nil, platform: Optional(XCServices.AppStoreConnectPlatform.ios), releaseType: nil, storeIcon: nil, usesIdfa: nil, versionString: Optional("1.0"), watchStoreIcon: nil)), links: Optional(XCServices.AppStoreConnectResourceLinks(_self: Optional("https://appstoreconnect.apple.com/iris/provider/5dfc4097-96ad-4669-94d5-d896c91d0538/v1/appStoreVersions/2089191e-f828-44b6-b9bd-d903dbd928ac"))), relationships: nil)), XCServices.AppStoreConnectAppsResponse.Included.iosAppToMacAppStoreOptInSetting(XCServices.AppStoreConnectIosAppToMacAppStoreOptInSetting(id: "6769545889", type: XCServices.AppStoreConnectIosAppToMacAppStoreOptInSetting.AppStoreConnectType.iosAppToMacAppStoreOptInSetting, attributes: Optional(XCServices.AppStoreConnectIosAppToMacAppStoreOptInSetting.Attributes(automaticMinMacOsVersion: nil, isOptedInToDistributeIosAppOnMacAppStore: Optional(false), isVerifiedForMacOs: nil, minMacOsVersionToSupport: nil, supportedMacOsVersions: nil)), links: Optional(XCServices.AppStoreConnectResourceLinks(_self: Optional("https://appstoreconnect.apple.com/iris/provider/5dfc4097-96ad-4669-94d5-d896c91d0538/v1/iosAppToMacAppStoreOptInSetting/6769545889"))), relationships: nil))]), meta: Optional(XCServices.AppStoreConnectPagingInformation(paging: XCServices.AppStoreConnectPagingInformation.Paging(limit: 100, nextCursor: nil, total: Optional(1)))))
---
2026-05-16 16:01:41 +0000  AppsService: fetched 1 items, total 1 items, has next page URL: false
