2026-05-16 16:01:30 +0000 [MT] Beginning distribution assistant for archive: ZICABELLA, task: 2
2026-05-16 16:01:30 +0000 [MT] state.isLastStepViewControllerNameKnown = 0
2026-05-16 16:01:30 +0000 [MT] state.isLastStepViewControllerNameKnown = 0
2026-05-16 16:01:38 +0000 [MT] Proceeding to distribution step IDEDistributionPlanDriverStepViewController, context: <IDEDistributionContext: 0xa13f73200; archive(resolved)="<IDEArchive: 0x9c19c7cd0>", distributionTask(resolved)="2", distributionDestination(resolved)="(null)", distributionMethod(resolved)="(null)", team(resolved)="(null)">
	Chain (3, self inclusive):
	<IDEDistributionContext: 0xa13f73200; archive = "<IDEArchive: 0x9c19c7cd0>", distributionMethod="(null)", team="(null)">
	<IDEDistributionContext: 0xa1bc83700; archive = "<IDEArchive: 0x9c19c7cd0>", distributionMethod="(null)", team="(null)">
	<IDEDistributionContext: 0xa1bc83480; archive = "<IDEArchive: 0x9c19c7cd0>", distributionMethod="(null)", team="(null)">
</IDEDistributionContext: 0xa13f73200>
2026-05-16 16:01:38 +0000 [MT] state.isLastStepViewControllerNameKnown = 0
2026-05-16 16:01:39 +0000  Starting export with options: {"thinning":"<none>","signingStyle":"automatic","raiseProfileSupportOptionalToRequired":false,"testFlightInternalTestingOnly":false,"embedOnDemandResourcesAssetPacksInBundle":false,"uploadSymbols":true,"generateAppStoreInformation":false,"manageAppVersionAndBuildNumber":true,"destination":"upload","stripSwiftSymbols":true,"method":"app-store-connect"}
2026-05-16 16:01:39 +0000  Running step: IDEDistributionAnalyzeArchiveStep with <IDEDistributionContext: 0xa13f73700; archive(resolved)="<IDEArchive: 0x9c19c7cd0>", distributionTask(resolved)="2", distributionDestination(resolved)="2", distributionMethod(resolved)="<IDEDistributionMethodiOSAppStoreDistribution: 0xa043373d0>", team(resolved)="(null)">
	Chain (5, self inclusive):
	<IDEDistributionContext: 0xa13f73700; archive = "<IDEArchive: 0x9c19c7cd0>", distributionMethod="<IDEDistributionMethodiOSAppStoreDistribution: 0xa043373d0>", team="(null)">
	<IDEDistributionContext: 0xa13f70500; archive = "<IDEArchive: 0x9c19c7cd0>", distributionMethod="<IDEDistributionMethodiOSAppStoreDistribution: 0xa043373d0>", team="(null)">
	<IDEDistributionContext: 0xa13f73200; archive = "<IDEArchive: 0x9c19c7cd0>", distributionMethod="(null)", team="(null)">
	<IDEDistributionContext: 0xa1bc83700; archive = "<IDEArchive: 0x9c19c7cd0>", distributionMethod="(null)", team="(null)">
	<IDEDistributionContext: 0xa1bc83480; archive = "<IDEArchive: 0x9c19c7cd0>", distributionMethod="(null)", team="(null)">
</IDEDistributionContext: 0xa13f73700>
2026-05-16 16:01:39 +0000  Running step: IDEDistributionTeamStep with <IDEDistributionContext: 0xa13f70000; archive(resolved)="<IDEArchive: 0x9c19c7cd0>", distributionTask(resolved)="2", distributionDestination(resolved)="2", distributionMethod(resolved)="<IDEDistributionMethodiOSAppStoreDistribution: 0xa043373d0>", team(resolved)="<IDEProvisioningDisambiguatableBasicTeam: 0xa0e7307c0; teamID='94765P9PT9', teamName='Zica Bella Private Limited', teamType='Company', username='developer@zicabella.com', isFreeProvisioningTeam='0'>">
	Chain (6, self inclusive):
	<IDEDistributionContext: 0xa13f70000; archive = "<IDEArchive: 0x9c19c7cd0>", distributionMethod="<IDEDistributionMethodiOSAppStoreDistribution: 0xa043373d0>", team="<IDEProvisioningDisambiguatableBasicTeam: 0xa0e7307c0; teamID='94765P9PT9', teamName='Zica Bella Private Limited', teamType='Company', username='developer@zicabella.com', isFreeProvisioningTeam='0'>">
	<IDEDistributionContext: 0xa13f73700; archive = "<IDEArchive: 0x9c19c7cd0>", distributionMethod="<IDEDistributionMethodiOSAppStoreDistribution: 0xa043373d0>", team="(null)">
	<IDEDistributionContext: 0xa13f70500; archive = "<IDEArchive: 0x9c19c7cd0>", distributionMethod="<IDEDistributionMethodiOSAppStoreDistribution: 0xa043373d0>", team="(null)">
	<IDEDistributionContext: 0xa13f73200; archive = "<IDEArchive: 0x9c19c7cd0>", distributionMethod="(null)", team="(null)">
	<IDEDistributionContext: 0xa1bc83700; archive = "<IDEArchive: 0x9c19c7cd0>", distributionMethod="(null)", team="(null)">
	<IDEDistributionContext: 0xa1bc83480; archive = "<IDEArchive: 0x9c19c7cd0>", distributionMethod="(null)", team="(null)">
</IDEDistributionContext: 0xa13f70000>
2026-05-16 16:01:39 +0000  Running step: IDEDistributionUploadAccountStep with <IDEDistributionContext: 0xa13f71900; archive(resolved)="<IDEArchive: 0x9c19c7cd0>", distributionTask(resolved)="2", distributionDestination(resolved)="2", distributionMethod(resolved)="<IDEDistributionMethodiOSAppStoreDistribution: 0xa043373d0>", team(resolved)="<IDEProvisioningDisambiguatableBasicTeam: 0xa0e7307c0; teamID='94765P9PT9', teamName='Zica Bella Private Limited', teamType='Company', username='developer@zicabella.com', isFreeProvisioningTeam='0'>">
	Chain (7, self inclusive):
	<IDEDistributionContext: 0xa13f71900; archive = "<IDEArchive: 0x9c19c7cd0>", distributionMethod="<IDEDistributionMethodiOSAppStoreDistribution: 0xa043373d0>", team="<IDEProvisioningDisambiguatableBasicTeam: 0xa0e7307c0; teamID='94765P9PT9', teamName='Zica Bella Private Limited', teamType='Company', username='developer@zicabella.com', isFreeProvisioningTeam='0'>">
	<IDEDistributionContext: 0xa13f70000; archive = "<IDEArchive: 0x9c19c7cd0>", distributionMethod="<IDEDistributionMethodiOSAppStoreDistribution: 0xa043373d0>", team="<IDEProvisioningDisambiguatableBasicTeam: 0xa0e7307c0; teamID='94765P9PT9', teamName='Zica Bella Private Limited', teamType='Company', username='developer@zicabella.com', isFreeProvisioningTeam='0'>">
	<IDEDistributionContext: 0xa13f73700; archive = "<IDEArchive: 0x9c19c7cd0>", distributionMethod="<IDEDistributionMethodiOSAppStoreDistribution: 0xa043373d0>", team="(null)">
	<IDEDistributionContext: 0xa13f70500; archive = "<IDEArchive: 0x9c19c7cd0>", distributionMethod="<IDEDistributionMethodiOSAppStoreDistribution: 0xa043373d0>", team="(null)">
	<IDEDistributionContext: 0xa13f73200; archive = "<IDEArchive: 0x9c19c7cd0>", distributionMethod="(null)", team="(null)">
	<IDEDistributionContext: 0xa1bc83700; archive = "<IDEArchive: 0x9c19c7cd0>", distributionMethod="(null)", team="(null)">
	<IDEDistributionContext: 0xa1bc83480; archive = "<IDEArchive: 0x9c19c7cd0>", distributionMethod="(null)", team="(null)">
</IDEDistributionContext: 0xa13f71900>
2026-05-16 16:01:40 +0000  Running step: IDEDistributionFetchAppRecordStep with <IDEDistributionContext: 0xa13f71680; archive(resolved)="<IDEArchive: 0x9c19c7cd0>", distributionTask(resolved)="2", distributionDestination(resolved)="2", distributionMethod(resolved)="<IDEDistributionMethodiOSAppStoreDistribution: 0xa043373d0>", team(resolved)="<IDEProvisioningDisambiguatableBasicTeam: 0xa0e7307c0; teamID='94765P9PT9', teamName='Zica Bella Private Limited', teamType='Company', username='developer@zicabella.com', isFreeProvisioningTeam='0'>">
	Chain (8, self inclusive):
	<IDEDistributionContext: 0xa13f71680; archive = "<IDEArchive: 0x9c19c7cd0>", distributionMethod="<IDEDistributionMethodiOSAppStoreDistribution: 0xa043373d0>", team="<IDEProvisioningDisambiguatableBasicTeam: 0xa0e7307c0; teamID='94765P9PT9', teamName='Zica Bella Private Limited', teamType='Company', username='developer@zicabella.com', isFreeProvisioningTeam='0'>">
	<IDEDistributionContext: 0xa13f71900; archive = "<IDEArchive: 0x9c19c7cd0>", distributionMethod="<IDEDistributionMethodiOSAppStoreDistribution: 0xa043373d0>", team="<IDEProvisioningDisambiguatableBasicTeam: 0xa0e7307c0; teamID='94765P9PT9', teamName='Zica Bella Private Limited', teamType='Company', username='developer@zicabella.com', isFreeProvisioningTeam='0'>">
	<IDEDistributionContext: 0xa13f70000; archive = "<IDEArchive: 0x9c19c7cd0>", distributionMethod="<IDEDistributionMethodiOSAppStoreDistribution: 0xa043373d0>", team="<IDEProvisioningDisambiguatableBasicTeam: 0xa0e7307c0; teamID='94765P9PT9', teamName='Zica Bella Private Limited', teamType='Company', username='developer@zicabella.com', isFreeProvisioningTeam='0'>">
	<IDEDistributionContext: 0xa13f73700; archive = "<IDEArchive: 0x9c19c7cd0>", distributionMethod="<IDEDistributionMethodiOSAppStoreDistribution: 0xa043373d0>", team="(null)">
	<IDEDistributionContext: 0xa13f70500; archive = "<IDEArchive: 0x9c19c7cd0>", distributionMethod="<IDEDistributionMethodiOSAppStoreDistribution: 0xa043373d0>", team="(null)">
	<IDEDistributionContext: 0xa13f73200; archive = "<IDEArchive: 0x9c19c7cd0>", distributionMethod="(null)", team="(null)">
	<IDEDistributionContext: 0xa1bc83700; archive = "<IDEArchive: 0x9c19c7cd0>", distributionMethod="(null)", team="(null)">
	<IDEDistributionContext: 0xa1bc83480; archive = "<IDEArchive: 0x9c19c7cd0>", distributionMethod="(null)", team="(null)">
</IDEDistributionContext: 0xa13f71680>
2026-05-16 16:01:41 +0000  Running step: IDEDistributionCreateAppRecordStep with <IDEDistributionContext: 0xa10f00280; archive(resolved)="<IDEArchive: 0x9c19c7cd0>", distributionTask(resolved)="2", distributionDestination(resolved)="2", distributionMethod(resolved)="<IDEDistributionMethodiOSAppStoreDistribution: 0xa043373d0>", team(resolved)="<IDEProvisioningDisambiguatableBasicTeam: 0xa0e7307c0; teamID='94765P9PT9', teamName='Zica Bella Private Limited', teamType='Company', username='developer@zicabella.com', isFreeProvisioningTeam='0'>">
	Chain (9, self inclusive):
	<IDEDistributionContext: 0xa10f00280; archive = "<IDEArchive: 0x9c19c7cd0>", distributionMethod="<IDEDistributionMethodiOSAppStoreDistribution: 0xa043373d0>", team="<IDEProvisioningDisambiguatableBasicTeam: 0xa0e7307c0; teamID='94765P9PT9', teamName='Zica Bella Private Limited', teamType='Company', username='developer@zicabella.com', isFreeProvisioningTeam='0'>">
	<IDEDistributionContext: 0xa13f71680; archive = "<IDEArchive: 0x9c19c7cd0>", distributionMethod="<IDEDistributionMethodiOSAppStoreDistribution: 0xa043373d0>", team="<IDEProvisioningDisambiguatableBasicTeam: 0xa0e7307c0; teamID='94765P9PT9', teamName='Zica Bella Private Limited', teamType='Company', username='developer@zicabella.com', isFreeProvisioningTeam='0'>">
	<IDEDistributionContext: 0xa13f71900; archive = "<IDEArchive: 0x9c19c7cd0>", distributionMethod="<IDEDistributionMethodiOSAppStoreDistribution: 0xa043373d0>", team="<IDEProvisioningDisambiguatableBasicTeam: 0xa0e7307c0; teamID='94765P9PT9', teamName='Zica Bella Private Limited', teamType='Company', username='developer@zicabella.com', isFreeProvisioningTeam='0'>">
	<IDEDistributionContext: 0xa13f70000; archive = "<IDEArchive: 0x9c19c7cd0>", distributionMethod="<IDEDistributionMethodiOSAppStoreDistribution: 0xa043373d0>", team="<IDEProvisioningDisambiguatableBasicTeam: 0xa0e7307c0; teamID='94765P9PT9', teamName='Zica Bella Private Limited', teamType='Company', username='developer@zicabella.com', isFreeProvisioningTeam='0'>">
	<IDEDistributionContext: 0xa13f73700; archive = "<IDEArchive: 0x9c19c7cd0>", distributionMethod="<IDEDistributionMethodiOSAppStoreDistribution: 0xa043373d0>", team="(null)">
	<IDEDistributionContext: 0xa13f70500; archive = "<IDEArchive: 0x9c19c7cd0>", distributionMethod="<IDEDistributionMethodiOSAppStoreDistribution: 0xa043373d0>", team="(null)">
	<IDEDistributionContext: 0xa13f73200; archive = "<IDEArchive: 0x9c19c7cd0>", distributionMethod="(null)", team="(null)">
	<IDEDistributionContext: 0xa1bc83700; archive = "<IDEArchive: 0x9c19c7cd0>", distributionMethod="(null)", team="(null)">
	<IDEDistributionContext: 0xa1bc83480; archive = "<IDEArchive: 0x9c19c7cd0>", distributionMethod="(null)", team="(null)">
</IDEDistributionContext: 0xa10f00280>
2026-05-16 16:01:41 +0000  Running step: IDEDistributionAnalyzeVersionStep with <IDEDistributionContext: 0xa10f00000; archive(resolved)="<IDEArchive: 0x9c19c7cd0>", distributionTask(resolved)="2", distributionDestination(resolved)="2", distributionMethod(resolved)="<IDEDistributionMethodiOSAppStoreDistribution: 0xa043373d0>", team(resolved)="<IDEProvisioningDisambiguatableBasicTeam: 0xa0e7307c0; teamID='94765P9PT9', teamName='Zica Bella Private Limited', teamType='Company', username='developer@zicabella.com', isFreeProvisioningTeam='0'>">
	Chain (10, self inclusive):
	<IDEDistributionContext: 0xa10f00000; archive = "<IDEArchive: 0x9c19c7cd0>", distributionMethod="<IDEDistributionMethodiOSAppStoreDistribution: 0xa043373d0>", team="<IDEProvisioningDisambiguatableBasicTeam: 0xa0e7307c0; teamID='94765P9PT9', teamName='Zica Bella Private Limited', teamType='Company', username='developer@zicabella.com', isFreeProvisioningTeam='0'>">
	<IDEDistributionContext: 0xa10f00280; archive = "<IDEArchive: 0x9c19c7cd0>", distributionMethod="<IDEDistributionMethodiOSAppStoreDistribution: 0xa043373d0>", team="<IDEProvisioningDisambiguatableBasicTeam: 0xa0e7307c0; teamID='94765P9PT9', teamName='Zica Bella Private Limited', teamType='Company', username='developer@zicabella.com', isFreeProvisioningTeam='0'>">
	<IDEDistributionContext: 0xa13f71680; archive = "<IDEArchive: 0x9c19c7cd0>", distributionMethod="<IDEDistributionMethodiOSAppStoreDistribution: 0xa043373d0>", team="<IDEProvisioningDisambiguatableBasicTeam: 0xa0e7307c0; teamID='94765P9PT9', teamName='Zica Bella Private Limited', teamType='Company', username='developer@zicabella.com', isFreeProvisioningTeam='0'>">
	<IDEDistributionContext: 0xa13f71900; archive = "<IDEArchive: 0x9c19c7cd0>", distributionMethod="<IDEDistributionMethodiOSAppStoreDistribution: 0xa043373d0>", team="<IDEProvisioningDisambiguatableBasicTeam: 0xa0e7307c0; teamID='94765P9PT9', teamName='Zica Bella Private Limited', teamType='Company', username='developer@zicabella.com', isFreeProvisioningTeam='0'>">
	<IDEDistributionContext: 0xa13f70000; archive = "<IDEArchive: 0x9c19c7cd0>", distributionMethod="<IDEDistributionMethodiOSAppStoreDistribution: 0xa043373d0>", team="<IDEProvisioningDisambiguatableBasicTeam: 0xa0e7307c0; teamID='94765P9PT9', teamName='Zica Bella Private Limited', teamType='Company', username='developer@zicabella.com', isFreeProvisioningTeam='0'>">
	<IDEDistributionContext: 0xa13f73700; archive = "<IDEArchive: 0x9c19c7cd0>", distributionMethod="<IDEDistributionMethodiOSAppStoreDistribution: 0xa043373d0>", team="(null)">
	<IDEDistributionContext: 0xa13f70500; archive = "<IDEArchive: 0x9c19c7cd0>", distributionMethod="<IDEDistributionMethodiOSAppStoreDistribution: 0xa043373d0>", team="(null)">
	<IDEDistributionContext: 0xa13f73200; archive = "<IDEArchive: 0x9c19c7cd0>", distributionMethod="(null)", team="(null)">
	<IDEDistributionContext: 0xa1bc83700; archive = "<IDEArchive: 0x9c19c7cd0>", distributionMethod="(null)", team="(null)">
	<IDEDistributionContext: 0xa1bc83480; archive = "<IDEArchive: 0x9c19c7cd0>", distributionMethod="(null)", team="(null)">
</IDEDistributionContext: 0xa10f00000>
2026-05-16 16:01:44 +0000  Found build number for app record.
2026-05-16 16:01:44 +0000  Running step: IDEDistributionOptionsStep with <IDEDistributionContext: 0xa10f03c00; archive(resolved)="<IDEArchive: 0x9c19c7cd0>", distributionTask(resolved)="2", distributionDestination(resolved)="2", distributionMethod(resolved)="<IDEDistributionMethodiOSAppStoreDistribution: 0xa043373d0>", team(resolved)="<IDEProvisioningDisambiguatableBasicTeam: 0xa0e7307c0; teamID='94765P9PT9', teamName='Zica Bella Private Limited', teamType='Company', username='developer@zicabella.com', isFreeProvisioningTeam='0'>">
	Chain (11, self inclusive):
	<IDEDistributionContext: 0xa10f03c00; archive = "<IDEArchive: 0x9c19c7cd0>", distributionMethod="<IDEDistributionMethodiOSAppStoreDistribution: 0xa043373d0>", team="<IDEProvisioningDisambiguatableBasicTeam: 0xa0e7307c0; teamID='94765P9PT9', teamName='Zica Bella Private Limited', teamType='Company', username='developer@zicabella.com', isFreeProvisioningTeam='0'>">
	<IDEDistributionContext: 0xa10f00000; archive = "<IDEArchive: 0x9c19c7cd0>", distributionMethod="<IDEDistributionMethodiOSAppStoreDistribution: 0xa043373d0>", team="<IDEProvisioningDisambiguatableBasicTeam: 0xa0e7307c0; teamID='94765P9PT9', teamName='Zica Bella Private Limited', teamType='Company', username='developer@zicabella.com', isFreeProvisioningTeam='0'>">
	<IDEDistributionContext: 0xa10f00280; archive = "<IDEArchive: 0x9c19c7cd0>", distributionMethod="<IDEDistributionMethodiOSAppStoreDistribution: 0xa043373d0>", team="<IDEProvisioningDisambiguatableBasicTeam: 0xa0e7307c0; teamID='94765P9PT9', teamName='Zica Bella Private Limited', teamType='Company', username='developer@zicabella.com', isFreeProvisioningTeam='0'>">
	<IDEDistributionContext: 0xa13f71680; archive = "<IDEArchive: 0x9c19c7cd0>", distributionMethod="<IDEDistributionMethodiOSAppStoreDistribution: 0xa043373d0>", team="<IDEProvisioningDisambiguatableBasicTeam: 0xa0e7307c0; teamID='94765P9PT9', teamName='Zica Bella Private Limited', teamType='Company', username='developer@zicabella.com', isFreeProvisioningTeam='0'>">
	<IDEDistributionContext: 0xa13f71900; archive = "<IDEArchive: 0x9c19c7cd0>", distributionMethod="<IDEDistributionMethodiOSAppStoreDistribution: 0xa043373d0>", team="<IDEProvisioningDisambiguatableBasicTeam: 0xa0e7307c0; teamID='94765P9PT9', teamName='Zica Bella Private Limited', teamType='Company', username='developer@zicabella.com', isFreeProvisioningTeam='0'>">
	<IDEDistributionContext: 0xa13f70000; archive = "<IDEArchive: 0x9c19c7cd0>", distributionMethod="<IDEDistributionMethodiOSAppStoreDistribution: 0xa043373d0>", team="<IDEProvisioningDisambiguatableBasicTeam: 0xa0e7307c0; teamID='94765P9PT9', teamName='Zica Bella Private Limited', teamType='Company', username='developer@zicabella.com', isFreeProvisioningTeam='0'>">
	<IDEDistributionContext: 0xa13f73700; archive = "<IDEArchive: 0x9c19c7cd0>", distributionMethod="<IDEDistributionMethodiOSAppStoreDistribution: 0xa043373d0>", team="(null)">
	<IDEDistributionContext: 0xa13f70500; archive = "<IDEArchive: 0x9c19c7cd0>", distributionMethod="<IDEDistributionMethodiOSAppStoreDistribution: 0xa043373d0>", team="(null)">
	<IDEDistributionContext: 0xa13f73200; archive = "<IDEArchive: 0x9c19c7cd0>", distributionMethod="(null)", team="(null)">
	<IDEDistributionContext: 0xa1bc83700; archive = "<IDEArchive: 0x9c19c7cd0>", distributionMethod="(null)", team="(null)">
	<IDEDistributionContext: 0xa1bc83480; archive = "<IDEArchive: 0x9c19c7cd0>", distributionMethod="(null)", team="(null)">
</IDEDistributionContext: 0xa10f03c00>
2026-05-16 16:01:44 +0000  Running step: IDEDistributionSigningMethodStep with <IDEDistributionContext: 0xa10f01180; archive(resolved)="<IDEArchive: 0x9c19c7cd0>", distributionTask(resolved)="2", distributionDestination(resolved)="2", distributionMethod(resolved)="<IDEDistributionMethodiOSAppStoreDistribution: 0xa043373d0>", team(resolved)="<IDEProvisioningDisambiguatableBasicTeam: 0xa0e7307c0; teamID='94765P9PT9', teamName='Zica Bella Private Limited', teamType='Company', username='developer@zicabella.com', isFreeProvisioningTeam='0'>">
	Chain (12, self inclusive):
	<IDEDistributionContext: 0xa10f01180; archive = "<IDEArchive: 0x9c19c7cd0>", distributionMethod="<IDEDistributionMethodiOSAppStoreDistribution: 0xa043373d0>", team="<IDEProvisioningDisambiguatableBasicTeam: 0xa0e7307c0; teamID='94765P9PT9', teamName='Zica Bella Private Limited', teamType='Company', username='developer@zicabella.com', isFreeProvisioningTeam='0'>">
	<IDEDistributionContext: 0xa10f03c00; archive = "<IDEArchive: 0x9c19c7cd0>", distributionMethod="<IDEDistributionMethodiOSAppStoreDistribution: 0xa043373d0>", team="<IDEProvisioningDisambiguatableBasicTeam: 0xa0e7307c0; teamID='94765P9PT9', teamName='Zica Bella Private Limited', teamType='Company', username='developer@zicabella.com', isFreeProvisioningTeam='0'>">
	<IDEDistributionContext: 0xa10f00000; archive = "<IDEArchive: 0x9c19c7cd0>", distributionMethod="<IDEDistributionMethodiOSAppStoreDistribution: 0xa043373d0>", team="<IDEProvisioningDisambiguatableBasicTeam: 0xa0e7307c0; teamID='94765P9PT9', teamName='Zica Bella Private Limited', teamType='Company', username='developer@zicabella.com', isFreeProvisioningTeam='0'>">
	<IDEDistributionContext: 0xa10f00280; archive = "<IDEArchive: 0x9c19c7cd0>", distributionMethod="<IDEDistributionMethodiOSAppStoreDistribution: 0xa043373d0>", team="<IDEProvisioningDisambiguatableBasicTeam: 0xa0e7307c0; teamID='94765P9PT9', teamName='Zica Bella Private Limited', teamType='Company', username='developer@zicabella.com', isFreeProvisioningTeam='0'>">
	<IDEDistributionContext: 0xa13f71680; archive = "<IDEArchive: 0x9c19c7cd0>", distributionMethod="<IDEDistributionMethodiOSAppStoreDistribution: 0xa043373d0>", team="<IDEProvisioningDisambiguatableBasicTeam: 0xa0e7307c0; teamID='94765P9PT9', teamName='Zica Bella Private Limited', teamType='Company', username='developer@zicabella.com', isFreeProvisioningTeam='0'>">
	<IDEDistributionContext: 0xa13f71900; archive = "<IDEArchive: 0x9c19c7cd0>", distributionMethod="<IDEDistributionMethodiOSAppStoreDistribution: 0xa043373d0>", team="<IDEProvisioningDisambiguatableBasicTeam: 0xa0e7307c0; teamID='94765P9PT9', teamName='Zica Bella Private Limited', teamType='Company', username='developer@zicabella.com', isFreeProvisioningTeam='0'>">
	<IDEDistributionContext: 0xa13f70000; archive = "<IDEArchive: 0x9c19c7cd0>", distributionMethod="<IDEDistributionMethodiOSAppStoreDistribution: 0xa043373d0>", team="<IDEProvisioningDisambiguatableBasicTeam: 0xa0e7307c0; teamID='94765P9PT9', teamName='Zica Bella Private Limited', teamType='Company', username='developer@zicabella.com', isFreeProvisioningTeam='0'>">
	<IDEDistributionContext: 0xa13f73700; archive = "<IDEArchive: 0x9c19c7cd0>", distributionMethod="<IDEDistributionMethodiOSAppStoreDistribution: 0xa043373d0>", team="(null)">
	<IDEDistributionContext: 0xa13f70500; archive = "<IDEArchive: 0x9c19c7cd0>", distributionMethod="<IDEDistributionMethodiOSAppStoreDistribution: 0xa043373d0>", team="(null)">
	<IDEDistributionContext: 0xa13f73200; archive = "<IDEArchive: 0x9c19c7cd0>", distributionMethod="(null)", team="(null)">
	<IDEDistributionContext: 0xa1bc83700; archive = "<IDEArchive: 0x9c19c7cd0>", distributionMethod="(null)", team="(null)">
	<IDEDistributionContext: 0xa1bc83480; archive = "<IDEArchive: 0x9c19c7cd0>", distributionMethod="(null)", team="(null)">
</IDEDistributionContext: 0xa10f01180>
2026-05-16 16:01:44 +0000  Running step: IDEDistributionSigningAssetsStep with <IDEDistributionContext: 0xa10f01680; archive(resolved)="<IDEArchive: 0x9c19c7cd0>", distributionTask(resolved)="2", distributionDestination(resolved)="2", distributionMethod(resolved)="<IDEDistributionMethodiOSAppStoreDistribution: 0xa043373d0>", team(resolved)="<IDEProvisioningDisambiguatableBasicTeam: 0xa0e7307c0; teamID='94765P9PT9', teamName='Zica Bella Private Limited', teamType='Company', username='developer@zicabella.com', isFreeProvisioningTeam='0'>">
	Chain (13, self inclusive):
	<IDEDistributionContext: 0xa10f01680; archive = "<IDEArchive: 0x9c19c7cd0>", distributionMethod="<IDEDistributionMethodiOSAppStoreDistribution: 0xa043373d0>", team="<IDEProvisioningDisambiguatableBasicTeam: 0xa0e7307c0; teamID='94765P9PT9', teamName='Zica Bella Private Limited', teamType='Company', username='developer@zicabella.com', isFreeProvisioningTeam='0'>">
	<IDEDistributionContext: 0xa10f01180; archive = "<IDEArchive: 0x9c19c7cd0>", distributionMethod="<IDEDistributionMethodiOSAppStoreDistribution: 0xa043373d0>", team="<IDEProvisioningDisambiguatableBasicTeam: 0xa0e7307c0; teamID='94765P9PT9', teamName='Zica Bella Private Limited', teamType='Company', username='developer@zicabella.com', isFreeProvisioningTeam='0'>">
	<IDEDistributionContext: 0xa10f03c00; archive = "<IDEArchive: 0x9c19c7cd0>", distributionMethod="<IDEDistributionMethodiOSAppStoreDistribution: 0xa043373d0>", team="<IDEProvisioningDisambiguatableBasicTeam: 0xa0e7307c0; teamID='94765P9PT9', teamName='Zica Bella Private Limited', teamType='Company', username='developer@zicabella.com', isFreeProvisioningTeam='0'>">
	<IDEDistributionContext: 0xa10f00000; archive = "<IDEArchive: 0x9c19c7cd0>", distributionMethod="<IDEDistributionMethodiOSAppStoreDistribution: 0xa043373d0>", team="<IDEProvisioningDisambiguatableBasicTeam: 0xa0e7307c0; teamID='94765P9PT9', teamName='Zica Bella Private Limited', teamType='Company', username='developer@zicabella.com', isFreeProvisioningTeam='0'>">
	<IDEDistributionContext: 0xa10f00280; archive = "<IDEArchive: 0x9c19c7cd0>", distributionMethod="<IDEDistributionMethodiOSAppStoreDistribution: 0xa043373d0>", team="<IDEProvisioningDisambiguatableBasicTeam: 0xa0e7307c0; teamID='94765P9PT9', teamName='Zica Bella Private Limited', teamType='Company', username='developer@zicabella.com', isFreeProvisioningTeam='0'>">
	<IDEDistributionContext: 0xa13f71680; archive = "<IDEArchive: 0x9c19c7cd0>", distributionMethod="<IDEDistributionMethodiOSAppStoreDistribution: 0xa043373d0>", team="<IDEProvisioningDisambiguatableBasicTeam: 0xa0e7307c0; teamID='94765P9PT9', teamName='Zica Bella Private Limited', teamType='Company', username='developer@zicabella.com', isFreeProvisioningTeam='0'>">
	<IDEDistributionContext: 0xa13f71900; archive = "<IDEArchive: 0x9c19c7cd0>", distributionMethod="<IDEDistributionMethodiOSAppStoreDistribution: 0xa043373d0>", team="<IDEProvisioningDisambiguatableBasicTeam: 0xa0e7307c0; teamID='94765P9PT9', teamName='Zica Bella Private Limited', teamType='Company', username='developer@zicabella.com', isFreeProvisioningTeam='0'>">
	<IDEDistributionContext: 0xa13f70000; archive = "<IDEArchive: 0x9c19c7cd0>", distributionMethod="<IDEDistributionMethodiOSAppStoreDistribution: 0xa043373d0>", team="<IDEProvisioningDisambiguatableBasicTeam: 0xa0e7307c0; teamID='94765P9PT9', teamName='Zica Bella Private Limited', teamType='Company', username='developer@zicabella.com', isFreeProvisioningTeam='0'>">
	<IDEDistributionContext: 0xa13f73700; archive = "<IDEArchive: 0x9c19c7cd0>", distributionMethod="<IDEDistributionMethodiOSAppStoreDistribution: 0xa043373d0>", team="(null)">
	<IDEDistributionContext: 0xa13f70500; archive = "<IDEArchive: 0x9c19c7cd0>", distributionMethod="<IDEDistributionMethodiOSAppStoreDistribution: 0xa043373d0>", team="(null)">
	<IDEDistributionContext: 0xa13f73200; archive = "<IDEArchive: 0x9c19c7cd0>", distributionMethod="(null)", team="(null)">
	<IDEDistributionContext: 0xa1bc83700; archive = "<IDEArchive: 0x9c19c7cd0>", distributionMethod="(null)", team="(null)">
	<IDEDistributionContext: 0xa1bc83480; archive = "<IDEArchive: 0x9c19c7cd0>", distributionMethod="(null)", team="(null)">
</IDEDistributionContext: 0xa10f01680>
2026-05-16 16:02:01 +0000  Running step: IDEDistributionPackagingStep with <IDEDistributionContext: 0xa1bc71900; archive(resolved)="<IDEArchive: 0x9c19c7cd0>", distributionTask(resolved)="2", distributionDestination(resolved)="2", distributionMethod(resolved)="<IDEDistributionMethodiOSAppStoreDistribution: 0xa043373d0>", team(resolved)="<IDEProvisioningDisambiguatableBasicTeam: 0xa0e7307c0; teamID='94765P9PT9', teamName='Zica Bella Private Limited', teamType='Company', username='developer@zicabella.com', isFreeProvisioningTeam='0'>">
	Chain (14, self inclusive):
	<IDEDistributionContext: 0xa1bc71900; archive = "<IDEArchive: 0x9c19c7cd0>", distributionMethod="<IDEDistributionMethodiOSAppStoreDistribution: 0xa043373d0>", team="<IDEProvisioningDisambiguatableBasicTeam: 0xa0e7307c0; teamID='94765P9PT9', teamName='Zica Bella Private Limited', teamType='Company', username='developer@zicabella.com', isFreeProvisioningTeam='0'>">
	<IDEDistributionContext: 0xa10f01680; archive = "<IDEArchive: 0x9c19c7cd0>", distributionMethod="<IDEDistributionMethodiOSAppStoreDistribution: 0xa043373d0>", team="<IDEProvisioningDisambiguatableBasicTeam: 0xa0e7307c0; teamID='94765P9PT9', teamName='Zica Bella Private Limited', teamType='Company', username='developer@zicabella.com', isFreeProvisioningTeam='0'>">
	<IDEDistributionContext: 0xa10f01180; archive = "<IDEArchive: 0x9c19c7cd0>", distributionMethod="<IDEDistributionMethodiOSAppStoreDistribution: 0xa043373d0>", team="<IDEProvisioningDisambiguatableBasicTeam: 0xa0e7307c0; teamID='94765P9PT9', teamName='Zica Bella Private Limited', teamType='Company', username='developer@zicabella.com', isFreeProvisioningTeam='0'>">
	<IDEDistributionContext: 0xa10f03c00; archive = "<IDEArchive: 0x9c19c7cd0>", distributionMethod="<IDEDistributionMethodiOSAppStoreDistribution: 0xa043373d0>", team="<IDEProvisioningDisambiguatableBasicTeam: 0xa0e7307c0; teamID='94765P9PT9', teamName='Zica Bella Private Limited', teamType='Company', username='developer@zicabella.com', isFreeProvisioningTeam='0'>">
	<IDEDistributionContext: 0xa10f00000; archive = "<IDEArchive: 0x9c19c7cd0>", distributionMethod="<IDEDistributionMethodiOSAppStoreDistribution: 0xa043373d0>", team="<IDEProvisioningDisambiguatableBasicTeam: 0xa0e7307c0; teamID='94765P9PT9', teamName='Zica Bella Private Limited', teamType='Company', username='developer@zicabella.com', isFreeProvisioningTeam='0'>">
	<IDEDistributionContext: 0xa10f00280; archive = "<IDEArchive: 0x9c19c7cd0>", distributionMethod="<IDEDistributionMethodiOSAppStoreDistribution: 0xa043373d0>", team="<IDEProvisioningDisambiguatableBasicTeam: 0xa0e7307c0; teamID='94765P9PT9', teamName='Zica Bella Private Limited', teamType='Company', username='developer@zicabella.com', isFreeProvisioningTeam='0'>">
	<IDEDistributionContext: 0xa13f71680; archive = "<IDEArchive: 0x9c19c7cd0>", distributionMethod="<IDEDistributionMethodiOSAppStoreDistribution: 0xa043373d0>", team="<IDEProvisioningDisambiguatableBasicTeam: 0xa0e7307c0; teamID='94765P9PT9', teamName='Zica Bella Private Limited', teamType='Company', username='developer@zicabella.com', isFreeProvisioningTeam='0'>">
	<IDEDistributionContext: 0xa13f71900; archive = "<IDEArchive: 0x9c19c7cd0>", distributionMethod="<IDEDistributionMethodiOSAppStoreDistribution: 0xa043373d0>", team="<IDEProvisioningDisambiguatableBasicTeam: 0xa0e7307c0; teamID='94765P9PT9', teamName='Zica Bella Private Limited', teamType='Company', username='developer@zicabella.com', isFreeProvisioningTeam='0'>">
	<IDEDistributionContext: 0xa13f70000; archive = "<IDEArchive: 0x9c19c7cd0>", distributionMethod="<IDEDistributionMethodiOSAppStoreDistribution: 0xa043373d0>", team="<IDEProvisioningDisambiguatableBasicTeam: 0xa0e7307c0; teamID='94765P9PT9', teamName='Zica Bella Private Limited', teamType='Company', username='developer@zicabella.com', isFreeProvisioningTeam='0'>">
	<IDEDistributionContext: 0xa13f73700; archive = "<IDEArchive: 0x9c19c7cd0>", distributionMethod="<IDEDistributionMethodiOSAppStoreDistribution: 0xa043373d0>", team="(null)">
	<IDEDistributionContext: 0xa13f70500; archive = "<IDEArchive: 0x9c19c7cd0>", distributionMethod="<IDEDistributionMethodiOSAppStoreDistribution: 0xa043373d0>", team="(null)">
	<IDEDistributionContext: 0xa13f73200; archive = "<IDEArchive: 0x9c19c7cd0>", distributionMethod="(null)", team="(null)">
	<IDEDistributionContext: 0xa1bc83700; archive = "<IDEArchive: 0x9c19c7cd0>", distributionMethod="(null)", team="(null)">
	<IDEDistributionContext: 0xa1bc83480; archive = "<IDEArchive: 0x9c19c7cd0>", distributionMethod="(null)", team="(null)">
</IDEDistributionContext: 0xa1bc71900>
2026-05-16 16:02:15 +0000  Running step: IDEDistributionSummaryStep with <IDEDistributionContext: 0xa13f73980; archive(resolved)="<IDEArchive: 0x9c19c7cd0>", distributionTask(resolved)="2", distributionDestination(resolved)="2", distributionMethod(resolved)="<IDEDistributionMethodiOSAppStoreDistribution: 0xa043373d0>", team(resolved)="<IDEProvisioningDisambiguatableBasicTeam: 0xa0e7307c0; teamID='94765P9PT9', teamName='Zica Bella Private Limited', teamType='Company', username='developer@zicabella.com', isFreeProvisioningTeam='0'>">
	Chain (15, self inclusive):
	<IDEDistributionContext: 0xa13f73980; archive = "<IDEArchive: 0x9c19c7cd0>", distributionMethod="<IDEDistributionMethodiOSAppStoreDistribution: 0xa043373d0>", team="<IDEProvisioningDisambiguatableBasicTeam: 0xa0e7307c0; teamID='94765P9PT9', teamName='Zica Bella Private Limited', teamType='Company', username='developer@zicabella.com', isFreeProvisioningTeam='0'>">
	<IDEDistributionContext: 0xa1bc71900; archive = "<IDEArchive: 0x9c19c7cd0>", distributionMethod="<IDEDistributionMethodiOSAppStoreDistribution: 0xa043373d0>", team="<IDEProvisioningDisambiguatableBasicTeam: 0xa0e7307c0; teamID='94765P9PT9', teamName='Zica Bella Private Limited', teamType='Company', username='developer@zicabella.com', isFreeProvisioningTeam='0'>">
	<IDEDistributionContext: 0xa10f01680; archive = "<IDEArchive: 0x9c19c7cd0>", distributionMethod="<IDEDistributionMethodiOSAppStoreDistribution: 0xa043373d0>", team="<IDEProvisioningDisambiguatableBasicTeam: 0xa0e7307c0; teamID='94765P9PT9', teamName='Zica Bella Private Limited', teamType='Company', username='developer@zicabella.com', isFreeProvisioningTeam='0'>">
	<IDEDistributionContext: 0xa10f01180; archive = "<IDEArchive: 0x9c19c7cd0>", distributionMethod="<IDEDistributionMethodiOSAppStoreDistribution: 0xa043373d0>", team="<IDEProvisioningDisambiguatableBasicTeam: 0xa0e7307c0; teamID='94765P9PT9', teamName='Zica Bella Private Limited', teamType='Company', username='developer@zicabella.com', isFreeProvisioningTeam='0'>">
	<IDEDistributionContext: 0xa10f03c00; archive = "<IDEArchive: 0x9c19c7cd0>", distributionMethod="<IDEDistributionMethodiOSAppStoreDistribution: 0xa043373d0>", team="<IDEProvisioningDisambiguatableBasicTeam: 0xa0e7307c0; teamID='94765P9PT9', teamName='Zica Bella Private Limited', teamType='Company', username='developer@zicabella.com', isFreeProvisioningTeam='0'>">
	<IDEDistributionContext: 0xa10f00000; archive = "<IDEArchive: 0x9c19c7cd0>", distributionMethod="<IDEDistributionMethodiOSAppStoreDistribution: 0xa043373d0>", team="<IDEProvisioningDisambiguatableBasicTeam: 0xa0e7307c0; teamID='94765P9PT9', teamName='Zica Bella Private Limited', teamType='Company', username='developer@zicabella.com', isFreeProvisioningTeam='0'>">
	<IDEDistributionContext: 0xa10f00280; archive = "<IDEArchive: 0x9c19c7cd0>", distributionMethod="<IDEDistributionMethodiOSAppStoreDistribution: 0xa043373d0>", team="<IDEProvisioningDisambiguatableBasicTeam: 0xa0e7307c0; teamID='94765P9PT9', teamName='Zica Bella Private Limited', teamType='Company', username='developer@zicabella.com', isFreeProvisioningTeam='0'>">
	<IDEDistributionContext: 0xa13f71680; archive = "<IDEArchive: 0x9c19c7cd0>", distributionMethod="<IDEDistributionMethodiOSAppStoreDistribution: 0xa043373d0>", team="<IDEProvisioningDisambiguatableBasicTeam: 0xa0e7307c0; teamID='94765P9PT9', teamName='Zica Bella Private Limited', teamType='Company', username='developer@zicabella.com', isFreeProvisioningTeam='0'>">
	<IDEDistributionContext: 0xa13f71900; archive = "<IDEArchive: 0x9c19c7cd0>", distributionMethod="<IDEDistributionMethodiOSAppStoreDistribution: 0xa043373d0>", team="<IDEProvisioningDisambiguatableBasicTeam: 0xa0e7307c0; teamID='94765P9PT9', teamName='Zica Bella Private Limited', teamType='Company', username='developer@zicabella.com', isFreeProvisioningTeam='0'>">
	<IDEDistributionContext: 0xa13f70000; archive = "<IDEArchive: 0x9c19c7cd0>", distributionMethod="<IDEDistributionMethodiOSAppStoreDistribution: 0xa043373d0>", team="<IDEProvisioningDisambiguatableBasicTeam: 0xa0e7307c0; teamID='94765P9PT9', teamName='Zica Bella Private Limited', teamType='Company', username='developer@zicabella.com', isFreeProvisioningTeam='0'>">
	<IDEDistributionContext: 0xa13f73700; archive = "<IDEArchive: 0x9c19c7cd0>", distributionMethod="<IDEDistributionMethodiOSAppStoreDistribution: 0xa043373d0>", team="(null)">
	<IDEDistributionContext: 0xa13f70500; archive = "<IDEArchive: 0x9c19c7cd0>", distributionMethod="<IDEDistributionMethodiOSAppStoreDistribution: 0xa043373d0>", team="(null)">
	<IDEDistributionContext: 0xa13f73200; archive = "<IDEArchive: 0x9c19c7cd0>", distributionMethod="(null)", team="(null)">
	<IDEDistributionContext: 0xa1bc83700; archive = "<IDEArchive: 0x9c19c7cd0>", distributionMethod="(null)", team="(null)">
	<IDEDistributionContext: 0xa1bc83480; archive = "<IDEArchive: 0x9c19c7cd0>", distributionMethod="(null)", team="(null)">
</IDEDistributionContext: 0xa13f73980>
2026-05-16 16:02:15 +0000  Running step: IDEDistributionUploadStep with <IDEDistributionContext: 0xa1ad7a080; archive(resolved)="<IDEArchive: 0x9c19c7cd0>", distributionTask(resolved)="2", distributionDestination(resolved)="2", distributionMethod(resolved)="<IDEDistributionMethodiOSAppStoreDistribution: 0xa043373d0>", team(resolved)="<IDEProvisioningDisambiguatableBasicTeam: 0xa0e7307c0; teamID='94765P9PT9', teamName='Zica Bella Private Limited', teamType='Company', username='developer@zicabella.com', isFreeProvisioningTeam='0'>">
	Chain (16, self inclusive):
	<IDEDistributionContext: 0xa1ad7a080; archive = "<IDEArchive: 0x9c19c7cd0>", distributionMethod="<IDEDistributionMethodiOSAppStoreDistribution: 0xa043373d0>", team="<IDEProvisioningDisambiguatableBasicTeam: 0xa0e7307c0; teamID='94765P9PT9', teamName='Zica Bella Private Limited', teamType='Company', username='developer@zicabella.com', isFreeProvisioningTeam='0'>">
	<IDEDistributionContext: 0xa13f73980; archive = "<IDEArchive: 0x9c19c7cd0>", distributionMethod="<IDEDistributionMethodiOSAppStoreDistribution: 0xa043373d0>", team="<IDEProvisioningDisambiguatableBasicTeam: 0xa0e7307c0; teamID='94765P9PT9', teamName='Zica Bella Private Limited', teamType='Company', username='developer@zicabella.com', isFreeProvisioningTeam='0'>">
	<IDEDistributionContext: 0xa1bc71900; archive = "<IDEArchive: 0x9c19c7cd0>", distributionMethod="<IDEDistributionMethodiOSAppStoreDistribution: 0xa043373d0>", team="<IDEProvisioningDisambiguatableBasicTeam: 0xa0e7307c0; teamID='94765P9PT9', teamName='Zica Bella Private Limited', teamType='Company', username='developer@zicabella.com', isFreeProvisioningTeam='0'>">
	<IDEDistributionContext: 0xa10f01680; archive = "<IDEArchive: 0x9c19c7cd0>", distributionMethod="<IDEDistributionMethodiOSAppStoreDistribution: 0xa043373d0>", team="<IDEProvisioningDisambiguatableBasicTeam: 0xa0e7307c0; teamID='94765P9PT9', teamName='Zica Bella Private Limited', teamType='Company', username='developer@zicabella.com', isFreeProvisioningTeam='0'>">
	<IDEDistributionContext: 0xa10f01180; archive = "<IDEArchive: 0x9c19c7cd0>", distributionMethod="<IDEDistributionMethodiOSAppStoreDistribution: 0xa043373d0>", team="<IDEProvisioningDisambiguatableBasicTeam: 0xa0e7307c0; teamID='94765P9PT9', teamName='Zica Bella Private Limited', teamType='Company', username='developer@zicabella.com', isFreeProvisioningTeam='0'>">
	<IDEDistributionContext: 0xa10f03c00; archive = "<IDEArchive: 0x9c19c7cd0>", distributionMethod="<IDEDistributionMethodiOSAppStoreDistribution: 0xa043373d0>", team="<IDEProvisioningDisambiguatableBasicTeam: 0xa0e7307c0; teamID='94765P9PT9', teamName='Zica Bella Private Limited', teamType='Company', username='developer@zicabella.com', isFreeProvisioningTeam='0'>">
	<IDEDistributionContext: 0xa10f00000; archive = "<IDEArchive: 0x9c19c7cd0>", distributionMethod="<IDEDistributionMethodiOSAppStoreDistribution: 0xa043373d0>", team="<IDEProvisioningDisambiguatableBasicTeam: 0xa0e7307c0; teamID='94765P9PT9', teamName='Zica Bella Private Limited', teamType='Company', username='developer@zicabella.com', isFreeProvisioningTeam='0'>">
	<IDEDistributionContext: 0xa10f00280; archive = "<IDEArchive: 0x9c19c7cd0>", distributionMethod="<IDEDistributionMethodiOSAppStoreDistribution: 0xa043373d0>", team="<IDEProvisioningDisambiguatableBasicTeam: 0xa0e7307c0; teamID='94765P9PT9', teamName='Zica Bella Private Limited', teamType='Company', username='developer@zicabella.com', isFreeProvisioningTeam='0'>">
	<IDEDistributionContext: 0xa13f71680; archive = "<IDEArchive: 0x9c19c7cd0>", distributionMethod="<IDEDistributionMethodiOSAppStoreDistribution: 0xa043373d0>", team="<IDEProvisioningDisambiguatableBasicTeam: 0xa0e7307c0; teamID='94765P9PT9', teamName='Zica Bella Private Limited', teamType='Company', username='developer@zicabella.com', isFreeProvisioningTeam='0'>">
	<IDEDistributionContext: 0xa13f71900; archive = "<IDEArchive: 0x9c19c7cd0>", distributionMethod="<IDEDistributionMethodiOSAppStoreDistribution: 0xa043373d0>", team="<IDEProvisioningDisambiguatableBasicTeam: 0xa0e7307c0; teamID='94765P9PT9', teamName='Zica Bella Private Limited', teamType='Company', username='developer@zicabella.com', isFreeProvisioningTeam='0'>">
	<IDEDistributionContext: 0xa13f70000; archive = "<IDEArchive: 0x9c19c7cd0>", distributionMethod="<IDEDistributionMethodiOSAppStoreDistribution: 0xa043373d0>", team="<IDEProvisioningDisambiguatableBasicTeam: 0xa0e7307c0; teamID='94765P9PT9', teamName='Zica Bella Private Limited', teamType='Company', username='developer@zicabella.com', isFreeProvisioningTeam='0'>">
	<IDEDistributionContext: 0xa13f73700; archive = "<IDEArchive: 0x9c19c7cd0>", distributionMethod="<IDEDistributionMethodiOSAppStoreDistribution: 0xa043373d0>", team="(null)">
	<IDEDistributionContext: 0xa13f70500; archive = "<IDEArchive: 0x9c19c7cd0>", distributionMethod="<IDEDistributionMethodiOSAppStoreDistribution: 0xa043373d0>", team="(null)">
	<IDEDistributionContext: 0xa13f73200; archive = "<IDEArchive: 0x9c19c7cd0>", distributionMethod="(null)", team="(null)">
	<IDEDistributionContext: 0xa1bc83700; archive = "<IDEArchive: 0x9c19c7cd0>", distributionMethod="(null)", team="(null)">
	<IDEDistributionContext: 0xa1bc83480; archive = "<IDEArchive: 0x9c19c7cd0>", distributionMethod="(null)", team="(null)">
</IDEDistributionContext: 0xa1ad7a080>
2026-05-16 16:03:48 +0000  Running step: IDEDistributionResultStep with <IDEDistributionContext: 0xa1ad79400; archive(resolved)="<IDEArchive: 0x9c19c7cd0>", distributionTask(resolved)="2", distributionDestination(resolved)="2", distributionMethod(resolved)="<IDEDistributionMethodiOSAppStoreDistribution: 0xa043373d0>", team(resolved)="<IDEProvisioningDisambiguatableBasicTeam: 0xa0e7307c0; teamID='94765P9PT9', teamName='Zica Bella Private Limited', teamType='Company', username='developer@zicabella.com', isFreeProvisioningTeam='0'>">
	Chain (17, self inclusive):
	<IDEDistributionContext: 0xa1ad79400; archive = "<IDEArchive: 0x9c19c7cd0>", distributionMethod="<IDEDistributionMethodiOSAppStoreDistribution: 0xa043373d0>", team="<IDEProvisioningDisambiguatableBasicTeam: 0xa0e7307c0; teamID='94765P9PT9', teamName='Zica Bella Private Limited', teamType='Company', username='developer@zicabella.com', isFreeProvisioningTeam='0'>">
	<IDEDistributionContext: 0xa1ad7a080; archive = "<IDEArchive: 0x9c19c7cd0>", distributionMethod="<IDEDistributionMethodiOSAppStoreDistribution: 0xa043373d0>", team="<IDEProvisioningDisambiguatableBasicTeam: 0xa0e7307c0; teamID='94765P9PT9', teamName='Zica Bella Private Limited', teamType='Company', username='developer@zicabella.com', isFreeProvisioningTeam='0'>">
	<IDEDistributionContext: 0xa13f73980; archive = "<IDEArchive: 0x9c19c7cd0>", distributionMethod="<IDEDistributionMethodiOSAppStoreDistribution: 0xa043373d0>", team="<IDEProvisioningDisambiguatableBasicTeam: 0xa0e7307c0; teamID='94765P9PT9', teamName='Zica Bella Private Limited', teamType='Company', username='developer@zicabella.com', isFreeProvisioningTeam='0'>">
	<IDEDistributionContext: 0xa1bc71900; archive = "<IDEArchive: 0x9c19c7cd0>", distributionMethod="<IDEDistributionMethodiOSAppStoreDistribution: 0xa043373d0>", team="<IDEProvisioningDisambiguatableBasicTeam: 0xa0e7307c0; teamID='94765P9PT9', teamName='Zica Bella Private Limited', teamType='Company', username='developer@zicabella.com', isFreeProvisioningTeam='0'>">
	<IDEDistributionContext: 0xa10f01680; archive = "<IDEArchive: 0x9c19c7cd0>", distributionMethod="<IDEDistributionMethodiOSAppStoreDistribution: 0xa043373d0>", team="<IDEProvisioningDisambiguatableBasicTeam: 0xa0e7307c0; teamID='94765P9PT9', teamName='Zica Bella Private Limited', teamType='Company', username='developer@zicabella.com', isFreeProvisioningTeam='0'>">
	<IDEDistributionContext: 0xa10f01180; archive = "<IDEArchive: 0x9c19c7cd0>", distributionMethod="<IDEDistributionMethodiOSAppStoreDistribution: 0xa043373d0>", team="<IDEProvisioningDisambiguatableBasicTeam: 0xa0e7307c0; teamID='94765P9PT9', teamName='Zica Bella Private Limited', teamType='Company', username='developer@zicabella.com', isFreeProvisioningTeam='0'>">
	<IDEDistributionContext: 0xa10f03c00; archive = "<IDEArchive: 0x9c19c7cd0>", distributionMethod="<IDEDistributionMethodiOSAppStoreDistribution: 0xa043373d0>", team="<IDEProvisioningDisambiguatableBasicTeam: 0xa0e7307c0; teamID='94765P9PT9', teamName='Zica Bella Private Limited', teamType='Company', username='developer@zicabella.com', isFreeProvisioningTeam='0'>">
	<IDEDistributionContext: 0xa10f00000; archive = "<IDEArchive: 0x9c19c7cd0>", distributionMethod="<IDEDistributionMethodiOSAppStoreDistribution: 0xa043373d0>", team="<IDEProvisioningDisambiguatableBasicTeam: 0xa0e7307c0; teamID='94765P9PT9', teamName='Zica Bella Private Limited', teamType='Company', username='developer@zicabella.com', isFreeProvisioningTeam='0'>">
	<IDEDistributionContext: 0xa10f00280; archive = "<IDEArchive: 0x9c19c7cd0>", distributionMethod="<IDEDistributionMethodiOSAppStoreDistribution: 0xa043373d0>", team="<IDEProvisioningDisambiguatableBasicTeam: 0xa0e7307c0; teamID='94765P9PT9', teamName='Zica Bella Private Limited', teamType='Company', username='developer@zicabella.com', isFreeProvisioningTeam='0'>">
	<IDEDistributionContext: 0xa13f71680; archive = "<IDEArchive: 0x9c19c7cd0>", distributionMethod="<IDEDistributionMethodiOSAppStoreDistribution: 0xa043373d0>", team="<IDEProvisioningDisambiguatableBasicTeam: 0xa0e7307c0; teamID='94765P9PT9', teamName='Zica Bella Private Limited', teamType='Company', username='developer@zicabella.com', isFreeProvisioningTeam='0'>">
	<IDEDistributionContext: 0xa13f71900; archive = "<IDEArchive: 0x9c19c7cd0>", distributionMethod="<IDEDistributionMethodiOSAppStoreDistribution: 0xa043373d0>", team="<IDEProvisioningDisambiguatableBasicTeam: 0xa0e7307c0; teamID='94765P9PT9', teamName='Zica Bella Private Limited', teamType='Company', username='developer@zicabella.com', isFreeProvisioningTeam='0'>">
	<IDEDistributionContext: 0xa13f70000; archive = "<IDEArchive: 0x9c19c7cd0>", distributionMethod="<IDEDistributionMethodiOSAppStoreDistribution: 0xa043373d0>", team="<IDEProvisioningDisambiguatableBasicTeam: 0xa0e7307c0; teamID='94765P9PT9', teamName='Zica Bella Private Limited', teamType='Company', username='developer@zicabella.com', isFreeProvisioningTeam='0'>">
	<IDEDistributionContext: 0xa13f73700; archive = "<IDEArchive: 0x9c19c7cd0>", distributionMethod="<IDEDistributionMethodiOSAppStoreDistribution: 0xa043373d0>", team="(null)">
	<IDEDistributionContext: 0xa13f70500; archive = "<IDEArchive: 0x9c19c7cd0>", distributionMethod="<IDEDistributionMethodiOSAppStoreDistribution: 0xa043373d0>", team="(null)">
	<IDEDistributionContext: 0xa13f73200; archive = "<IDEArchive: 0x9c19c7cd0>", distributionMethod="(null)", team="(null)">
	<IDEDistributionContext: 0xa1bc83700; archive = "<IDEArchive: 0x9c19c7cd0>", distributionMethod="(null)", team="(null)">
	<IDEDistributionContext: 0xa1bc83480; archive = "<IDEArchive: 0x9c19c7cd0>", distributionMethod="(null)", team="(null)">
</IDEDistributionContext: 0xa1ad79400>
2026-05-16 16:03:48 +0000 [MT] Proceeding to distribution step IDEDistributionResultStepViewController, context: <IDEDistributionContext: 0xa14554780; archive(resolved)="<IDEArchive: 0x9c19c7cd0>", distributionTask(resolved)="2", distributionDestination(resolved)="2", distributionMethod(resolved)="<IDEDistributionMethodiOSAppStoreDistribution: 0xa043373d0>", team(resolved)="<IDEProvisioningDisambiguatableBasicTeam: 0xa0e7307c0; teamID='94765P9PT9', teamName='Zica Bella Private Limited', teamType='Company', username='developer@zicabella.com', isFreeProvisioningTeam='0'>">
	Chain (20, self inclusive):
	<IDEDistributionContext: 0xa14554780; archive = "<IDEArchive: 0x9c19c7cd0>", distributionMethod="<IDEDistributionMethodiOSAppStoreDistribution: 0xa043373d0>", team="<IDEProvisioningDisambiguatableBasicTeam: 0xa0e7307c0; teamID='94765P9PT9', teamName='Zica Bella Private Limited', teamType='Company', username='developer@zicabella.com', isFreeProvisioningTeam='0'>">
	<IDEDistributionContext: 0xa14557700; archive = "<IDEArchive: 0x9c19c7cd0>", distributionMethod="<IDEDistributionMethodiOSAppStoreDistribution: 0xa043373d0>", team="<IDEProvisioningDisambiguatableBasicTeam: 0xa0e7307c0; teamID='94765P9PT9', teamName='Zica Bella Private Limited', teamType='Company', username='developer@zicabella.com', isFreeProvisioningTeam='0'>">
	<IDEDistributionContext: 0xa1ad79900; archive = "<IDEArchive: 0x9c19c7cd0>", distributionMethod="<IDEDistributionMethodiOSAppStoreDistribution: 0xa043373d0>", team="<IDEProvisioningDisambiguatableBasicTeam: 0xa0e7307c0; teamID='94765P9PT9', teamName='Zica Bella Private Limited', teamType='Company', username='developer@zicabella.com', isFreeProvisioningTeam='0'>">
	<IDEDistributionContext: 0xa1ad79400; archive = "<IDEArchive: 0x9c19c7cd0>", distributionMethod="<IDEDistributionMethodiOSAppStoreDistribution: 0xa043373d0>", team="<IDEProvisioningDisambiguatableBasicTeam: 0xa0e7307c0; teamID='94765P9PT9', teamName='Zica Bella Private Limited', teamType='Company', username='developer@zicabella.com', isFreeProvisioningTeam='0'>">
	<IDEDistributionContext: 0xa1ad7a080; archive = "<IDEArchive: 0x9c19c7cd0>", distributionMethod="<IDEDistributionMethodiOSAppStoreDistribution: 0xa043373d0>", team="<IDEProvisioningDisambiguatableBasicTeam: 0xa0e7307c0; teamID='94765P9PT9', teamName='Zica Bella Private Limited', teamType='Company', username='developer@zicabella.com', isFreeProvisioningTeam='0'>">
	<IDEDistributionContext: 0xa13f73980; archive = "<IDEArchive: 0x9c19c7cd0>", distributionMethod="<IDEDistributionMethodiOSAppStoreDistribution: 0xa043373d0>", team="<IDEProvisioningDisambiguatableBasicTeam: 0xa0e7307c0; teamID='94765P9PT9', teamName='Zica Bella Private Limited', teamType='Company', username='developer@zicabella.com', isFreeProvisioningTeam='0'>">
	<IDEDistributionContext: 0xa1bc71900; archive = "<IDEArchive: 0x9c19c7cd0>", distributionMethod="<IDEDistributionMethodiOSAppStoreDistribution: 0xa043373d0>", team="<IDEProvisioningDisambiguatableBasicTeam: 0xa0e7307c0; teamID='94765P9PT9', teamName='Zica Bella Private Limited', teamType='Company', username='developer@zicabella.com', isFreeProvisioningTeam='0'>">
	<IDEDistributionContext: 0xa10f01680; archive = "<IDEArchive: 0x9c19c7cd0>", distributionMethod="<IDEDistributionMethodiOSAppStoreDistribution: 0xa043373d0>", team="<IDEProvisioningDisambiguatableBasicTeam: 0xa0e7307c0; teamID='94765P9PT9', teamName='Zica Bella Private Limited', teamType='Company', username='developer@zicabella.com', isFreeProvisioningTeam='0'>">
	<IDEDistributionContext: 0xa10f01180; archive = "<IDEArchive: 0x9c19c7cd0>", distributionMethod="<IDEDistributionMethodiOSAppStoreDistribution: 0xa043373d0>", team="<IDEProvisioningDisambiguatableBasicTeam: 0xa0e7307c0; teamID='94765P9PT9', teamName='Zica Bella Private Limited', teamType='Company', username='developer@zicabella.com', isFreeProvisioningTeam='0'>">
	<IDEDistributionContext: 0xa10f03c00; archive = "<IDEArchive: 0x9c19c7cd0>", distributionMethod="<IDEDistributionMethodiOSAppStoreDistribution: 0xa043373d0>", team="<IDEProvisioningDisambiguatableBasicTeam: 0xa0e7307c0; teamID='94765P9PT9', teamName='Zica Bella Private Limited', teamType='Company', username='developer@zicabella.com', isFreeProvisioningTeam='0'>">
	<IDEDistributionContext: 0xa10f00000; archive = "<IDEArchive: 0x9c19c7cd0>", distributionMethod="<IDEDistributionMethodiOSAppStoreDistribution: 0xa043373d0>", team="<IDEProvisioningDisambiguatableBasicTeam: 0xa0e7307c0; teamID='94765P9PT9', teamName='Zica Bella Private Limited', teamType='Company', username='developer@zicabella.com', isFreeProvisioningTeam='0'>">
	<IDEDistributionContext: 0xa10f00280; archive = "<IDEArchive: 0x9c19c7cd0>", distributionMethod="<IDEDistributionMethodiOSAppStoreDistribution: 0xa043373d0>", team="<IDEProvisioningDisambiguatableBasicTeam: 0xa0e7307c0; teamID='94765P9PT9', teamName='Zica Bella Private Limited', teamType='Company', username='developer@zicabella.com', isFreeProvisioningTeam='0'>">
	<IDEDistributionContext: 0xa13f71680; archive = "<IDEArchive: 0x9c19c7cd0>", distributionMethod="<IDEDistributionMethodiOSAppStoreDistribution: 0xa043373d0>", team="<IDEProvisioningDisambiguatableBasicTeam: 0xa0e7307c0; teamID='94765P9PT9', teamName='Zica Bella Private Limited', teamType='Company', username='developer@zicabella.com', isFreeProvisioningTeam='0'>">
	<IDEDistributionContext: 0xa13f71900; archive = "<IDEArchive: 0x9c19c7cd0>", distributionMethod="<IDEDistributionMethodiOSAppStoreDistribution: 0xa043373d0>", team="<IDEProvisioningDisambiguatableBasicTeam: 0xa0e7307c0; teamID='94765P9PT9', teamName='Zica Bella Private Limited', teamType='Company', username='developer@zicabella.com', isFreeProvisioningTeam='0'>">
	<IDEDistributionContext: 0xa13f70000; archive = "<IDEArchive: 0x9c19c7cd0>", distributionMethod="<IDEDistributionMethodiOSAppStoreDistribution: 0xa043373d0>", team="<IDEProvisioningDisambiguatableBasicTeam: 0xa0e7307c0; teamID='94765P9PT9', teamName='Zica Bella Private Limited', teamType='Company', username='developer@zicabella.com', isFreeProvisioningTeam='0'>">
	<IDEDistributionContext: 0xa13f73700; archive = "<IDEArchive: 0x9c19c7cd0>", distributionMethod="<IDEDistributionMethodiOSAppStoreDistribution: 0xa043373d0>", team="(null)">
	<IDEDistributionContext: 0xa13f70500; archive = "<IDEArchive: 0x9c19c7cd0>", distributionMethod="<IDEDistributionMethodiOSAppStoreDistribution: 0xa043373d0>", team="(null)">
	<IDEDistributionContext: 0xa13f73200; archive = "<IDEArchive: 0x9c19c7cd0>", distributionMethod="(null)", team="(null)">
	<IDEDistributionContext: 0xa1bc83700; archive = "<IDEArchive: 0x9c19c7cd0>", distributionMethod="(null)", team="(null)">
	<IDEDistributionContext: 0xa1bc83480; archive = "<IDEArchive: 0x9c19c7cd0>", distributionMethod="(null)", team="(null)">
</IDEDistributionContext: 0xa14554780>
2026-05-16 16:03:48 +0000 [MT] Upload for archive ZICABELLA had issues:
(
    "<IDEDistributionIssue: severity(error), error(Error Domain=ContentDelivery Code=90771 \"Missing Info.plist value. The Info.plist key 'BGTaskSchedulerPermittedIdentifiers' must contain a list of identifiers used to submit and handle tasks when 'UIBackgroundModes' has a value of 'processing'. For more information, refer to the Information Property List Key Reference at https://developer.apple.com/library/ios/documentation/General/Reference/InfoPlistKeyReference/Introduction/Introduction.html.\" UserInfo={IDEDistributionIssueSeverity=3, NSLocalizedDescription=Missing Info.plist value. The Info.plist key 'BGTaskSchedulerPermittedIdentifiers' must contain a list of identifiers used to submit and handle tasks when 'UIBackgroundModes' has a value of 'processing'. For more information, refer to the Information Property List Key Reference at https://developer.apple.com/library/ios/documentation/General/Reference/InfoPlistKeyReference/Introduction/Introduction.html., NSLocalizedRecoverySuggestion=The server\U2019s response was: \U2018{\n    code = 90771;\n    description = \"Missing Info.plist value. The Info.plist key 'BGTaskSchedulerPermittedIdentifiers' must contain a list of identifiers used to submit and handle tasks when 'UIBackgroundModes' has a value of 'processing'. For more information, refer to the Information Property List Key Reference at https://developer.apple.com/library/ios/documentation/General/Reference/InfoPlistKeyReference/Introduction/Introduction.html.\";\n}\U2019.})>"
)
