src/api/shopify.ts(33,16): error TS2801: This condition will always return true since this 'Promise<any>' is always defined.
src/constants/fallbackCatalog.ts(62,14): error TS2322: Type '{ id: "fallback-skull-ring" | "fallback-blue-eye" | "fallback-turtle-ring" | "fallback-lion-ring" | "fallback-king-ring" | "fallback-blue-stone" | "fallback-stone-ring" | "fallback-wolf-pack"; ... 16 more ...; productVideo: undefined; }[]' is not assignable to type 'FlatProduct[]'.
  Type '{ id: "fallback-skull-ring" | "fallback-blue-eye" | "fallback-turtle-ring" | "fallback-lion-ring" | "fallback-king-ring" | "fallback-blue-stone" | "fallback-stone-ring" | "fallback-wolf-pack"; ... 16 more ...; productVideo: undefined; }' is not assignable to type 'FlatProduct'.
    Types of property 'variants' are incompatible.
      Type '{ id: string; title: string; availableForSale: true; quantityAvailable: null; price: "1999" | "2888" | "3888" | "2444" | "3666" | "1888" | "2666" | "2333"; compareAtPrice: null; size: string; }[]' is not assignable to type 'FlatVariant[]'.
        Property 'color' is missing in type '{ id: string; title: string; availableForSale: true; quantityAvailable: null; price: "1999" | "2888" | "3888" | "2444" | "3666" | "1888" | "2666" | "2333"; compareAtPrice: null; size: string; }' but required in type 'FlatVariant'.
src/screens/AboutScreen.tsx(72,36): error TS2322: Type '"900"' is not assignable to type '"bold" | "600" | "normal" | "300" | "400" | "500" | "700" | "800" | undefined'.
src/screens/checkout/DeliveryAddressScreen.tsx(377,17): error TS2769: No overload matches this call.
  Overload 1 of 2, '(props: TextInputProps): TextInput', gave the following error.
    Type '"address-level2"' is not assignable to type '"name" | "email" | "off" | "country" | "url" | "password" | "nickname" | "username" | "additional-name" | "address-line1" | "address-line2" | "birthdate-day" | "birthdate-full" | ... 44 more ... | undefined'. Did you mean '"address-line2"'?
  Overload 2 of 2, '(props: TextInputProps, context: any): TextInput', gave the following error.
    Type '"address-level2"' is not assignable to type '"name" | "email" | "off" | "country" | "url" | "password" | "nickname" | "username" | "additional-name" | "address-line1" | "address-line2" | "birthdate-day" | "birthdate-full" | ... 44 more ... | undefined'. Did you mean '"address-line2"'?
src/screens/checkout/DeliveryAddressScreen.tsx(392,15): error TS2769: No overload matches this call.
  Overload 1 of 2, '(props: TextInputProps): TextInput', gave the following error.
    Type '"address-level1"' is not assignable to type '"name" | "email" | "off" | "country" | "url" | "password" | "nickname" | "username" | "additional-name" | "address-line1" | "address-line2" | "birthdate-day" | "birthdate-full" | ... 44 more ... | undefined'. Did you mean '"address-line1"'?
  Overload 2 of 2, '(props: TextInputProps, context: any): TextInput', gave the following error.
    Type '"address-level1"' is not assignable to type '"name" | "email" | "off" | "country" | "url" | "password" | "nickname" | "username" | "additional-name" | "address-line1" | "address-line2" | "birthdate-day" | "birthdate-full" | ... 44 more ... | undefined'. Did you mean '"address-line1"'?
src/screens/OrderDetailsScreen.tsx(256,96): error TS2353: Object literal may only specify known properties, and 'fontFeatures' does not exist in type 'TextStyle | TextStyle[]'.
src/screens/OrderDetailsScreen.tsx(378,35): error TS2322: Type '"900"' is not assignable to type '"bold" | "600" | "normal" | "300" | "400" | "500" | "700" | "800" | undefined'.
src/screens/OrderDetailsScreen.tsx(381,35): error TS2322: Type '"900"' is not assignable to type '"bold" | "600" | "normal" | "300" | "400" | "500" | "700" | "800" | undefined'.
src/screens/ProductDetailScreen.tsx(321,7): error TS2353: Object literal may only specify known properties, and 'color' does not exist in type 'CartItem'.
