env: load .env
env: export EXPO_PUBLIC_APP_URL EXPO_PUBLIC_CLAUDE_API_KEY EXPO_PUBLIC_RAZORPAY_KEY_ID EXPO_PUBLIC_SENTRY_DSN
› Skipping dev server
› Planning build
    Run script build phase 'Create Symlinks to Header Folders' will be run during every build because it does not specify any outputs. To address this issue, either add output dependencies to the script phase, or configure it to run in every build by unchecking "Based on dependency analysis" in the script phase. (in target 'Yoga' from project 'Pods')
› Preparing react-native Pods/Yoga » Yoga-Info.plist
› Preparing Pods/Sentry-Sentry » ResourceBundle-Sentry-Sentry-Info.plist
› Preparing react-native Pods/fmt » fmt-Info.plist
› Preparing react-native Pods/React-rendererconsistency » React-rendererconsistency-Info.plist
› Executing react-native Pods/hermes-engine » [CP-User] [Hermes] Replace Hermes for the right configuration, if needed
› Preparing expo-image Pods/SDWebImage-SDWebImage » ResourceBundle-SDWebImage-SDWebImage-Info.plist
› Preparing Pods/React-cxxreact-React-cxxreact_privacy » ResourceBundle-React-cxxreact_privacy-React-cxxreact-Info.plist
› Preparing react-native Pods/React-debug » React-debug-Info.plist
› Preparing Pods/React-Core-React-Core_privacy » ResourceBundle-React-Core_privacy-React-Core-Info.plist
› Preparing Pods/RNCAsyncStorage-RNCAsyncStorage_resources » ResourceBundle-RNCAsyncStorage_resources-RNCAsyncStorage-Info.plist
› Preparing expo-image Pods/libwebp » libwebp-Info.plist
› Preparing expo-image Pods/libdav1d » libdav1d-Info.plist
› Preparing Pods/glog-glog_privacy » ResourceBundle-glog_privacy-glog-Info.plist
› Preparing Pods/boost-boost_privacy » ResourceBundle-boost_privacy-boost-Info.plist
› Preparing expo Pods/SocketRocket » SocketRocket-Info.plist
› Preparing react-native Pods/React-oscompat » React-oscompat-Info.plist
› Preparing react-native Pods/RCTDeprecation » RCTDeprecation-Info.plist
› Preparing Pods/RCT-Folly-RCT-Folly_privacy » ResourceBundle-RCT-Folly_privacy-RCT-Folly-Info.plist
› Preparing Pods/ExpoNotifications-ExpoNotifications_privacy » ResourceBundle-ExpoNotifications_privacy-ExpoNotifications-Info.plist
› Preparing Pods/ExpoFileSystem-ExpoFileSystem_privacy » ResourceBundle-ExpoFileSystem_privacy-ExpoFileSystem-Info.plist
› Preparing Pods/ExpoDevice-ExpoDevice_privacy » ResourceBundle-ExpoDevice_privacy-ExpoDevice-Info.plist
› Preparing Pods/EXConstants-ExpoConstants_privacy » ResourceBundle-ExpoConstants_privacy-EXConstants-Info.plist
› Preparing expo-constants Pods/EXConstants-EXConstants » ResourceBundle-EXConstants-EXConstants-Info.plist
› Preparing Pods/EXApplication-ExpoApplication_privacy » ResourceBundle-ExpoApplication_privacy-EXApplication-Info.plist
› Preparing react-native Pods/DoubleConversion » DoubleConversion-Info.plist
› Executing react-native Pods/React-rendererconsistency » Create Symlinks to Header Folders
› Executing react-native Pods/fmt » Create Symlinks to Header Folders
› Executing react-native Pods/Yoga » Create Symlinks to Header Folders
› Executing react-native Pods/React-debug » Create Symlinks to Header Folders
› Preparing expo-image Pods/SDWebImage » SDWebImage-Info.plist
› Preparing Pods/Sentry » Sentry-Info.plist
› Preparing react-native Pods/RCTSwiftUI » RCTSwiftUI-Info.plist
› Preparing Pods/libavif » libavif-Info.plist
› Preparing react-native Pods/glog » glog-Info.plist
› Preparing react-native Pods/RCTSwiftUIWrapper » RCTSwiftUIWrapper-Info.plist
› Preparing expo-image Pods/SDWebImageWebPCoder » SDWebImageWebPCoder-Info.plist
› Preparing expo-image Pods/SDWebImageSVGCoder » SDWebImageSVGCoder-Info.plist
› Preparing expo-image Pods/SDWebImageAVIFCoder » SDWebImageAVIFCoder-Info.plist
    Run script build phase 'Create Symlinks to Header Folders' will be run during every build because it does not specify any outputs. To address this issue, either add output dependencies to the script phase, or configure it to run in every build by unchecking "Based on dependency analysis" in the script phase. (in target 'RCT-Folly' from project 'Pods')
› Preparing react-native Pods/RCT-Folly » RCT-Folly-Info.plist
› Executing react-native Pods/RCT-Folly » Create Symlinks to Header Folders
    Run script build phase 'Create Symlinks to Header Folders' will be run during every build because it does not specify any outputs. To address this issue, either add output dependencies to the script phase, or configure it to run in every build by unchecking "Based on dependency analysis" in the script phase. (in target 'React-rendererdebug' from project 'Pods')
› Preparing react-native Pods/React-rendererdebug » React-rendererdebug-Info.plist
› Preparing react-native Pods/React-perflogger » React-perflogger-Info.plist
› Preparing react-native Pods/React-logger » React-logger-Info.plist
› Preparing react-native Pods/React-jsinspectorcdp » React-jsinspectorcdp-Info.plist
› Preparing react-native Pods/React-jsi » React-jsi-Info.plist
› Preparing react-native Pods/React-featureflags » React-featureflags-Info.plist
› Preparing react-native Pods/React-Mapbuffer » React-Mapbuffer-Info.plist
› Executing react-native Pods/React-rendererdebug » Create Symlinks to Header Folders
› Executing react-native Pods/React-jsinspectorcdp » Create Symlinks to Header Folders
› Executing react-native Pods/React-featureflags » Create Symlinks to Header Folders
› Executing react-native Pods/React-Mapbuffer » Create Symlinks to Header Folders
› Preparing react-native Pods/React-utils » React-utils-Info.plist
› Executing react-native Pods/React-utils » Create Symlinks to Header Folders
› Preparing react-native Pods/React-jsinspectornetwork » React-jsinspectornetwork-Info.plist
› Executing react-native Pods/React-jsinspectornetwork » Create Symlinks to Header Folders
› Preparing react-native Pods/React-renderercss » React-renderercss-Info.plist
› Preparing react-native Pods/React-runtimeexecutor » React-runtimeexecutor-Info.plist
› Executing react-native Pods/React-runtimeexecutor » Create Symlinks to Header Folders
› Executing react-native Pods/React-renderercss » Create Symlinks to Header Folders
    Run script build phase 'Create Symlinks to Header Folders' will be run during every build because it does not specify any outputs. To address this issue, either add output dependencies to the script phase, or configure it to run in every build by unchecking "Based on dependency analysis" in the script phase. (in target 'React-jsinspectortracing' from project 'Pods')
› Preparing react-native Pods/React-jsinspectortracing » React-jsinspectortracing-Info.plist
› Executing react-native Pods/React-jsinspectortracing » Create Symlinks to Header Folders
    Run script build phase 'Create Symlinks to Header Folders' will be run during every build because it does not specify any outputs. To address this issue, either add output dependencies to the script phase, or configure it to run in every build by unchecking "Based on dependency analysis" in the script phase. (in target 'React-performancetimeline' from project 'Pods')
› Preparing react-native Pods/React-performancetimeline » React-performancetimeline-Info.plist
› Preparing react-native Pods/React-jsinspector » React-jsinspector-Info.plist
› Executing react-native Pods/React-performancetimeline » Create Symlinks to Header Folders
› Preparing react-native Pods/React-cxxreact » React-cxxreact-Info.plist
    Run script build phase 'Create Symlinks to Header Folders' will be run during every build because it does not specify any outputs. To address this issue, either add output dependencies to the script phase, or configure it to run in every build by unchecking "Based on dependency analysis" in the script phase. (in target 'React-performancecdpmetrics' from project 'Pods')
› Preparing react-native Pods/React-performancecdpmetrics » React-performancecdpmetrics-Info.plist
› Preparing react-native Pods/React-networking » React-networking-Info.plist
› Executing react-native Pods/React-performancecdpmetrics » Create Symlinks to Header Folders
› Executing react-native Pods/React-networking » Create Symlinks to Header Folders
› Preparing react-native Pods/ReactCommon » ReactCommon-Info.plist
› Executing react-native Pods/ReactCommon » Create Symlinks to Header Folders
› Executing react-native Pods/React-runtimescheduler » Create Symlinks to Header Folders
› Executing react-native Pods/React-jsitooling » Create Symlinks to Header Folders
› Preparing react-native Pods/React-runtimescheduler » React-runtimescheduler-Info.plist
› Preparing react-native Pods/React-jsitooling » React-jsitooling-Info.plist
› Preparing react-native Pods/React-jsiexecutor » React-jsiexecutor-Info.plist
› Preparing react-native Pods/React-hermes » React-hermes-Info.plist
› Preparing react-native Pods/React-jserrorhandler » React-jserrorhandler-Info.plist
› Preparing react-native Pods/React-graphics » React-graphics-Info.plist
› Executing react-native Pods/React-jserrorhandler » Create Symlinks to Header Folders
› Executing react-native Pods/React-graphics » Create Symlinks to Header Folders
› Preparing react-native Pods/React-Core » React-Core-Info.plist
› Preparing react-native Pods/React-RCTText » React-RCTText-Info.plist
› Preparing @expo/log-box Pods/ExpoLogBox » ExpoLogBox-Info.plist
› Executing react-native Pods/React-NativeModulesApple » Create Symlinks to Header Folders
› Preparing expo-modules-core Pods/ExpoModulesJSI » ExpoModulesJSI-Info.plist
› Preparing react-native Pods/RCTTypeSafety » RCTTypeSafety-Info.plist
› Preparing react-native Pods/React-NativeModulesApple » React-NativeModulesApple-Info.plist
    Run script build phase 'Create Symlinks to Header Folders' will be run during every build because it does not specify any outputs. To address this issue, either add output dependencies to the script phase, or configure it to run in every build by unchecking "Based on dependency analysis" in the script phase. (in target 'React-Fabric' from project 'Pods')
› Preparing react-native Pods/React-Fabric » React-Fabric-Info.plist
› Executing react-native Pods/React-Fabric » Create Symlinks to Header Folders
    Run script build phase 'Create Symlinks to Header Folders' will be run during every build because it does not specify any outputs. To address this issue, either add output dependencies to the script phase, or configure it to run in every build by unchecking "Based on dependency analysis" in the script phase. (in target 'React-RCTFBReactNativeSpec' from project 'Pods')
› Preparing react-native Pods/React-RCTFBReactNativeSpec » React-RCTFBReactNativeSpec-Info.plist
› Preparing react-native Pods/React-RuntimeCore » React-RuntimeCore-Info.plist
› Preparing react-native Pods/React-ImageManager » React-ImageManager-Info.plist
› Executing react-native Pods/React-RuntimeCore » Create Symlinks to Header Folders
› Executing react-native Pods/React-RCTFBReactNativeSpec » [CP-User] [RN]Check FBReactNativeSpec
› Executing react-native Pods/React-ImageManager » Create Symlinks to Header Folders
› Preparing react-native Pods/React-RuntimeHermes » React-RuntimeHermes-Info.plist
› Executing react-native Pods/React-RuntimeHermes » Create Symlinks to Header Folders
› Executing react-native Pods/React-RCTFBReactNativeSpec » Create Symlinks to Header Folders
› Executing react-native Pods/React-FabricImage » Create Symlinks to Header Folders
› Preparing react-native Pods/React-FabricImage » React-FabricImage-Info.plist
    Run script build phase 'Create Symlinks to Header Folders' will be run during every build because it does not specify any outputs. To address this issue, either add output dependencies to the script phase, or configure it to run in every build by unchecking "Based on dependency analysis" in the script phase. (in target 'React-webperformancenativemodule' from project 'Pods')
› Preparing react-native Pods/React-webperformancenativemodule » React-webperformancenativemodule-Info.plist
› Preparing react-native Pods/React-microtasksnativemodule » React-microtasksnativemodule-Info.plist
› Preparing react-native Pods/React-featureflagsnativemodule » React-featureflagsnativemodule-Info.plist
› Preparing react-native Pods/React-intersectionobservernativemodule » React-intersectionobservernativemodule-Info.plist
› Preparing react-native Pods/React-idlecallbacksnativemodule » React-idlecallbacksnativemodule-Info.plist
› Preparing react-native Pods/React-RCTNetwork » React-RCTNetwork-Info.plist
› Preparing react-native Pods/React-RCTVibration » React-RCTVibration-Info.plist
› Preparing react-native Pods/React-RCTSettings » React-RCTSettings-Info.plist
› Executing react-native Pods/React-webperformancenativemodule » Create Symlinks to Header Folders
› Executing react-native Pods/React-microtasksnativemodule » Create Symlinks to Header Folders
› Executing react-native Pods/React-intersectionobservernativemodule » Create Symlinks to Header Folders
› Executing react-native Pods/React-idlecallbacksnativemodule » Create Symlinks to Header Folders
› Executing react-native Pods/React-FabricComponents » Create Symlinks to Header Folders
› Executing react-native Pods/React-featureflagsnativemodule » Create Symlinks to Header Folders
› Preparing react-native Pods/React-RCTLinking » React-RCTLinking-Info.plist
› Preparing react-native Pods/React-RCTAnimation » React-RCTAnimation-Info.plist
› Preparing react-native Pods/React-RCTImage » React-RCTImage-Info.plist
› Preparing react-native Pods/React-RCTBlob » React-RCTBlob-Info.plist
› Preparing react-native Pods/React-FabricComponents » React-FabricComponents-Info.plist
› Preparing react-native-customui Pods/react-native-customui » react-native-customui-Info.plist
› Preparing react-native Pods/React-RCTFabric » React-RCTFabric-Info.plist
› Preparing react-native Pods/React-CoreModules » React-CoreModules-Info.plist
› Preparing react-native Pods/React-domnativemodule » React-domnativemodule-Info.plist
› Executing react-native Pods/React-domnativemodule » Create Symlinks to Header Folders
› Preparing react-native Pods/React-RuntimeApple » React-RuntimeApple-Info.plist
› Executing react-native Pods/React-RuntimeApple » Create Symlinks to Header Folders
› Preparing react-native Pods/React-defaultsnativemodule » React-defaultsnativemodule-Info.plist
› Executing react-native Pods/React-defaultsnativemodule » Create Symlinks to Header Folders
› Executing react-native Pods/React-RCTRuntime » Create Symlinks to Header Folders
› Preparing react-native Pods/React-RCTRuntime » React-RCTRuntime-Info.plist
› Preparing react-native Pods/React-RCTAppDelegate » React-RCTAppDelegate-Info.plist
    Run script build phase 'Create Symlinks to Header Folders' will be run during every build because it does not specify any outputs. To address this issue, either add output dependencies to the script phase, or configure it to run in every build by unchecking "Based on dependency analysis" in the script phase. (in target 'ReactCodegen' from project 'Pods')
› Preparing zicabella Pods/ReactCodegen » ReactCodegen-Info.plist
› Executing zicabella Pods/ReactCodegen » Create Symlinks to Header Folders
› Preparing react-native-webview Pods/react-native-webview » react-native-webview-Info.plist
› Preparing react-native-shake Pods/react-native-shake » react-native-shake-Info.plist
› Preparing @sentry/react-native Pods/RNSentry » RNSentry-Info.plist
› Preparing react-native-safe-area-context Pods/react-native-safe-area-context » react-native-safe-area-context-Info.plist
› Preparing zicabella Pods/ReactAppDependencyProvider » ReactAppDependencyProvider-Info.plist
› Preparing @react-native-community/netinfo Pods/react-native-netinfo » react-native-netinfo-Info.plist
› Preparing react-native-worklets Pods/RNWorklets » RNWorklets-Info.plist
› Preparing react-native-screens Pods/RNScreens » RNScreens-Info.plist
› Preparing react-native-gesture-handler Pods/RNGestureHandler » RNGestureHandler-Info.plist
› Preparing @react-native-async-storage/async-storage Pods/RNCAsyncStorage » RNCAsyncStorage-Info.plist
› Executing react-native-worklets Pods/RNWorklets » Create Symlinks to Header Folders
› Compiling react-native-screens Pods/RNScreens » RNSBottomTabsAccessoryContentComponentView.mm
› Compiling react-native-screens Pods/RNScreens » RNSBottomTabsAccessoryComponentView.mm
› Compiling react-native-gesture-handler Pods/RNGestureHandler » RNGestureHandlerModule.mm
› Preparing react-native-reanimated Pods/RNReanimated » RNReanimated-Info.plist
› Compiling react-native-reanimated Pods/RNReanimated » NativeProxy.mm
› Preparing expo-modules-core Pods/ExpoModulesCore » ExpoModulesCore-Info.plist

❌  error: Clang dependency scanning failure: While building module 'EXAV' imported from EXAV-8c443a9e.input:1:



❌  error: Clang dependency scanning failure: While building module 'EXAV' imported from EXAV-7acd943c.input:1:



❌  error: Unable to resolve module dependency: 'EXAV' (in target 'EXAV' from project 'Pods')


› Executing expo-constants Pods/EXConstants » [CP-User] Generate app.config for prebuilt Constants.manifest
› Preparing expo-video Pods/ExpoVideo » ExpoVideo-Info.plist
› Preparing expo-splash-screen Pods/ExpoSplashScreen » ExpoSplashScreen-Info.plist
› Preparing expo-sensors Pods/ExpoSensors » ExpoSensors-Info.plist
› Preparing expo-secure-store Pods/ExpoSecureStore » ExpoSecureStore-Info.plist
› Preparing expo-notifications Pods/ExpoNotifications » ExpoNotifications-Info.plist
› Preparing expo-local-authentication Pods/ExpoLocalAuthentication » ExpoLocalAuthentication-Info.plist
› Preparing expo-linking Pods/ExpoLinking » ExpoLinking-Info.plist
› Preparing expo-keep-awake Pods/ExpoKeepAwake » ExpoKeepAwake-Info.plist
› Preparing expo-image-picker Pods/ExpoImagePicker » ExpoImagePicker-Info.plist
› Preparing expo-image Pods/ExpoImage » ExpoImage-Info.plist
› Preparing expo-haptics Pods/ExpoHaptics » ExpoHaptics-Info.plist
› Preparing expo-gl Pods/ExpoGL » ExpoGL-Info.plist
› Preparing expo-font Pods/ExpoFont » ExpoFont-Info.plist
› Preparing expo-file-system Pods/ExpoFileSystem » ExpoFileSystem-Info.plist
› Preparing @expo/dom-webview Pods/ExpoDomWebView » ExpoDomWebView-Info.plist
› Preparing expo-device Pods/ExpoDevice » ExpoDevice-Info.plist
› Preparing expo-blur Pods/ExpoBlur » ExpoBlur-Info.plist
› Preparing expo-asset Pods/ExpoAsset » ExpoAsset-Info.plist
› Preparing expo-apple-authentication Pods/ExpoAppleAuthentication » ExpoAppleAuthentication-Info.plist
› Preparing expo Pods/Expo » Expo-Info.plist
› Preparing expo-constants Pods/EXConstants » EXConstants-Info.plist
› Preparing expo-application Pods/EXApplication » EXApplication-Info.plist
› Preparing expo-av Pods/EXAV » EXAV-Info.plist
    Run script build phase 'Create Symlinks to Header Folders' will be run during every build because it does not specify any outputs. To address this issue, either add output dependencies to the script phase, or configure it to run in every build by unchecking "Based on dependency analysis" in the script phase. (in target 'fmt' from project 'Pods')
    Run script build phase 'Create Symlinks to Header Folders' will be run during every build because it does not specify any outputs. To address this issue, either add output dependencies to the script phase, or configure it to run in every build by unchecking "Based on dependency analysis" in the script phase. (in target 'React-rendererconsistency' from project 'Pods')
    Run script build phase '[CP-User] [Hermes] Replace Hermes for the right configuration, if needed' will be run during every build because it does not specify any outputs. To address this issue, either add output dependencies to the script phase, or configure it to run in every build by unchecking "Based on dependency analysis" in the script phase. (in target 'hermes-engine' from project 'Pods')
    Run script build phase 'Create Symlinks to Header Folders' will be run during every build because it does not specify any outputs. To address this issue, either add output dependencies to the script phase, or configure it to run in every build by unchecking "Based on dependency analysis" in the script phase. (in target 'React-debug' from project 'Pods')
    Run script build phase 'Create Symlinks to Header Folders' will be run during every build because it does not specify any outputs. To address this issue, either add output dependencies to the script phase, or configure it to run in every build by unchecking "Based on dependency analysis" in the script phase. (in target 'React-jsinspectorcdp' from project 'Pods')
    Run script build phase 'Create Symlinks to Header Folders' will be run during every build because it does not specify any outputs. To address this issue, either add output dependencies to the script phase, or configure it to run in every build by unchecking "Based on dependency analysis" in the script phase. (in target 'React-featureflags' from project 'Pods')
    Run script build phase 'Create Symlinks to Header Folders' will be run during every build because it does not specify any outputs. To address this issue, either add output dependencies to the script phase, or configure it to run in every build by unchecking "Based on dependency analysis" in the script phase. (in target 'React-Mapbuffer' from project 'Pods')
    Run script build phase 'Create Symlinks to Header Folders' will be run during every build because it does not specify any outputs. To address this issue, either add output dependencies to the script phase, or configure it to run in every build by unchecking "Based on dependency analysis" in the script phase. (in target 'React-utils' from project 'Pods')
    Run script build phase 'Create Symlinks to Header Folders' will be run during every build because it does not specify any outputs. To address this issue, either add output dependencies to the script phase, or configure it to run in every build by unchecking "Based on dependency analysis" in the script phase. (in target 'React-jsinspectornetwork' from project 'Pods')
    Run script build phase 'Create Symlinks to Header Folders' will be run during every build because it does not specify any outputs. To address this issue, either add output dependencies to the script phase, or configure it to run in every build by unchecking "Based on dependency analysis" in the script phase. (in target 'React-renderercss' from project 'Pods')
    Run script build phase 'Create Symlinks to Header Folders' will be run during every build because it does not specify any outputs. To address this issue, either add output dependencies to the script phase, or configure it to run in every build by unchecking "Based on dependency analysis" in the script phase. (in target 'React-runtimeexecutor' from project 'Pods')
    Run script build phase 'Create Symlinks to Header Folders' will be run during every build because it does not specify any outputs. To address this issue, either add output dependencies to the script phase, or configure it to run in every build by unchecking "Based on dependency analysis" in the script phase. (in target 'React-networking' from project 'Pods')
    Run script build phase 'Create Symlinks to Header Folders' will be run during every build because it does not specify any outputs. To address this issue, either add output dependencies to the script phase, or configure it to run in every build by unchecking "Based on dependency analysis" in the script phase. (in target 'ReactCommon' from project 'Pods')
    Run script build phase 'Create Symlinks to Header Folders' will be run during every build because it does not specify any outputs. To address this issue, either add output dependencies to the script phase, or configure it to run in every build by unchecking "Based on dependency analysis" in the script phase. (in target 'React-runtimescheduler' from project 'Pods')
    Run script build phase 'Create Symlinks to Header Folders' will be run during every build because it does not specify any outputs. To address this issue, either add output dependencies to the script phase, or configure it to run in every build by unchecking "Based on dependency analysis" in the script phase. (in target 'React-jsitooling' from project 'Pods')
    Run script build phase 'Create Symlinks to Header Folders' will be run during every build because it does not specify any outputs. To address this issue, either add output dependencies to the script phase, or configure it to run in every build by unchecking "Based on dependency analysis" in the script phase. (in target 'React-jserrorhandler' from project 'Pods')
    Run script build phase 'Create Symlinks to Header Folders' will be run during every build because it does not specify any outputs. To address this issue, either add output dependencies to the script phase, or configure it to run in every build by unchecking "Based on dependency analysis" in the script phase. (in target 'React-graphics' from project 'Pods')
    Run script build phase 'Create Symlinks to Header Folders' will be run during every build because it does not specify any outputs. To address this issue, either add output dependencies to the script phase, or configure it to run in every build by unchecking "Based on dependency analysis" in the script phase. (in target 'React-NativeModulesApple' from project 'Pods')
    Run script build phase 'Create Symlinks to Header Folders' will be run during every build because it does not specify any outputs. To address this issue, either add output dependencies to the script phase, or configure it to run in every build by unchecking "Based on dependency analysis" in the script phase. (in target 'React-RuntimeCore' from project 'Pods')
    Run script build phase 'Create Symlinks to Header Folders' will be run during every build because it does not specify any outputs. To address this issue, either add output dependencies to the script phase, or configure it to run in every build by unchecking "Based on dependency analysis" in the script phase. (in target 'React-ImageManager' from project 'Pods')
    Run script build phase 'Create Symlinks to Header Folders' will be run during every build because it does not specify any outputs. To address this issue, either add output dependencies to the script phase, or configure it to run in every build by unchecking "Based on dependency analysis" in the script phase. (in target 'React-RuntimeHermes' from project 'Pods')
    Run script build phase 'Create Symlinks to Header Folders' will be run during every build because it does not specify any outputs. To address this issue, either add output dependencies to the script phase, or configure it to run in every build by unchecking "Based on dependency analysis" in the script phase. (in target 'React-FabricImage' from project 'Pods')
    Run script build phase 'Create Symlinks to Header Folders' will be run during every build because it does not specify any outputs. To address this issue, either add output dependencies to the script phase, or configure it to run in every build by unchecking "Based on dependency analysis" in the script phase. (in target 'React-microtasksnativemodule' from project 'Pods')
    Run script build phase 'Create Symlinks to Header Folders' will be run during every build because it does not specify any outputs. To address this issue, either add output dependencies to the script phase, or configure it to run in every build by unchecking "Based on dependency analysis" in the script phase. (in target 'React-featureflagsnativemodule' from project 'Pods')
    Run script build phase 'Create Symlinks to Header Folders' will be run during every build because it does not specify any outputs. To address this issue, either add output dependencies to the script phase, or configure it to run in every build by unchecking "Based on dependency analysis" in the script phase. (in target 'React-intersectionobservernativemodule' from project 'Pods')
    Run script build phase 'Create Symlinks to Header Folders' will be run during every build because it does not specify any outputs. To address this issue, either add output dependencies to the script phase, or configure it to run in every build by unchecking "Based on dependency analysis" in the script phase. (in target 'React-idlecallbacksnativemodule' from project 'Pods')
    Run script build phase 'Create Symlinks to Header Folders' will be run during every build because it does not specify any outputs. To address this issue, either add output dependencies to the script phase, or configure it to run in every build by unchecking "Based on dependency analysis" in the script phase. (in target 'React-FabricComponents' from project 'Pods')
    Run script build phase 'Create Symlinks to Header Folders' will be run during every build because it does not specify any outputs. To address this issue, either add output dependencies to the script phase, or configure it to run in every build by unchecking "Based on dependency analysis" in the script phase. (in target 'React-domnativemodule' from project 'Pods')
    Run script build phase 'Create Symlinks to Header Folders' will be run during every build because it does not specify any outputs. To address this issue, either add output dependencies to the script phase, or configure it to run in every build by unchecking "Based on dependency analysis" in the script phase. (in target 'React-RuntimeApple' from project 'Pods')
    Run script build phase 'Create Symlinks to Header Folders' will be run during every build because it does not specify any outputs. To address this issue, either add output dependencies to the script phase, or configure it to run in every build by unchecking "Based on dependency analysis" in the script phase. (in target 'React-defaultsnativemodule' from project 'Pods')
    Run script build phase 'Create Symlinks to Header Folders' will be run during every build because it does not specify any outputs. To address this issue, either add output dependencies to the script phase, or configure it to run in every build by unchecking "Based on dependency analysis" in the script phase. (in target 'React-RCTRuntime' from project 'Pods')
    Run script build phase 'Create Symlinks to Header Folders' will be run during every build because it does not specify any outputs. To address this issue, either add output dependencies to the script phase, or configure it to run in every build by unchecking "Based on dependency analysis" in the script phase. (in target 'RNWorklets' from project 'Pods')
    Run script build phase 'Create Symlinks to Header Folders' will be run during every build because it does not specify any outputs. To address this issue, either add output dependencies to the script phase, or configure it to run in every build by unchecking "Based on dependency analysis" in the script phase. (in target 'RNReanimated' from project 'Pods')

› 3 error(s), and 43 warning(s)

CommandError: Failed to build iOS project. "xcodebuild" exited with error code 65.
